==========================================
BUSI K=3/eps=2 CANAL vs uniform run
Job ID: 39123629
Node: c0236
Start: Wed Jun 24 00:24:57 CDT 2026
==========================================
[busi] device=cuda in_ch=1  train=518 val=129  ε=[2.0] seeds=[100, 200, 300, 400, 500]  K=(3,)
  teacher 1/3 on patients [0, 1, 2, 3, 4, 5, 6, 7, 8, 9, 10, 11, 12, 13, 14, 15, 16, 17, 18, 19, 20, 21, 22, 23, 24, 25, 26, 27, 28, 29, 30, 31, 32, 33, 34, 35, 36, 37, 38, 39, 40, 41, 42, 43, 44, 45, 46, 47, 48, 49, 50, 51, 52, 53, 54, 55, 56, 57, 58, 59, 60, 61, 62, 63, 64, 65, 66, 67, 68, 69, 70, 71, 72, 73, 74, 75, 76, 77, 78, 79, 80, 81, 82, 83, 84, 85, 86, 87, 88, 89, 90, 91, 92, 93, 94, 95, 96, 97, 98, 99, 100, 101, 102, 103, 104, 105, 106, 107, 108, 109, 110, 111, 112, 113, 114, 115, 116, 117, 118, 119, 120, 121, 122, 123, 124, 125, 126, 127, 128, 129, 130, 131, 132, 133, 134, 135, 136, 137, 138, 139, 140, 141, 142, 143, 144, 145, 146, 147, 148, 149, 150, 151, 152, 153, 154, 155, 156, 157, 158, 159, 160, 161, 162, 163, 164, 165, 166, 167, 168, 169, 170, 171, 172]...
  ep   1/60 loss=2.7849
  ep  10/60 loss=1.2609
  ep  20/60 loss=1.0808
  ep  30/60 loss=0.8345
  ep  40/60 loss=0.6425
  ep  50/60 loss=0.5854
  ep  60/60 loss=0.4108
  teacher 2/3 on patients [173, 174, 175, 176, 177, 178, 179, 180, 181, 182, 183, 184, 185, 186, 187, 188, 189, 190, 191, 192, 193, 194, 195, 196, 197, 198, 199, 200, 201, 202, 203, 204, 205, 206, 207, 208, 209, 210, 211, 212, 213, 214, 215, 216, 217, 218, 219, 220, 221, 222, 223, 224, 225, 226, 227, 228, 229, 230, 231, 232, 233, 234, 235, 236, 237, 238, 239, 240, 241, 242, 243, 244, 245, 246, 247, 248, 249, 250, 251, 252, 253, 254, 255, 256, 257, 258, 259, 260, 261, 262, 263, 264, 265, 266, 267, 268, 269, 270, 271, 272, 273, 274, 275, 276, 277, 278, 279, 280, 281, 282, 283, 284, 285, 286, 287, 288, 289, 290, 291, 292, 293, 294, 295, 296, 297, 298, 299, 300, 301, 302, 303, 304, 305, 306, 307, 308, 309, 310, 311, 312, 313, 314, 315, 316, 317, 318, 319, 320, 321, 322, 323, 324, 325, 326, 327, 328, 329, 330, 331, 332, 333, 334, 335, 336, 337, 338, 339, 340, 341, 342, 343, 344, 345]...
  ep   1/60 loss=2.8986
  ep  10/60 loss=1.4350
  ep  20/60 loss=1.0204
  ep  30/60 loss=0.8193
  ep  40/60 loss=0.6099
  ep  50/60 loss=0.4772
  ep  60/60 loss=0.3705
  teacher 3/3 on patients [346, 347, 348, 349, 350, 351, 352, 353, 354, 355, 356, 357, 358, 359, 360, 361, 362, 363, 364, 365, 366, 367, 368, 369, 370, 371, 372, 373, 374, 375, 376, 377, 378, 379, 380, 381, 382, 383, 384, 385, 386, 387, 388, 389, 390, 391, 392, 393, 394, 395, 396, 397, 398, 399, 400, 401, 402, 403, 404, 405, 406, 407, 408, 409, 410, 411, 412, 413, 414, 415, 416, 417, 418, 419, 420, 421, 422, 423, 424, 425, 426, 427, 428, 429, 430, 431, 432, 433, 434, 435, 436, 437, 438, 439, 440, 441, 442, 443, 444, 445, 446, 447, 448, 449, 450, 451, 452, 453, 454, 455, 456, 457, 458, 459, 460, 461, 462, 463, 464, 465, 466, 467, 468, 469, 470, 471, 472, 473, 474, 475, 476, 477, 478, 479, 480, 481, 482, 483, 484, 485, 486, 487, 488, 489, 490, 491, 492, 493, 494, 495, 496, 497, 498, 499, 500, 501, 502, 503, 504, 505, 506, 507, 508, 509, 510, 511, 512, 513, 514, 515, 516, 517]...
  ep   1/60 loss=2.5321
  ep  10/60 loss=1.3912
  ep  20/60 loss=1.1731
  ep  30/60 loss=0.9314
  ep  40/60 loss=0.6716
  ep  50/60 loss=0.4506
  ep  60/60 loss=0.3961

[K=3: uniform vs CANAL at eps=2]
    ep   1/40  task=2.6804  feat=234010.5918  val=0.3627  best_so_far=0.3627 (ep 1)
    ep   5/40  task=1.7840  feat=234000.9796  val=0.5107  best_so_far=0.5107 (ep 5)
    ep  10/40  task=1.6421  feat=233970.2680  val=0.5008  best_so_far=0.5107 (ep 5)
    ep  15/40  task=1.5815  feat=233878.9745  val=0.5275  best_so_far=0.5275 (ep 15)
    ep  20/40  task=1.5670  feat=233749.3512  val=0.5223  best_so_far=0.5295 (ep 18)
    ep  25/40  task=1.4826  feat=233625.9454  val=0.5053  best_so_far=0.5295 (ep 18)
    ep  30/40  task=1.4423  feat=233526.4274  val=0.5310  best_so_far=0.5312 (ep 27)
    ep  35/40  task=1.3506  feat=233434.7367  val=0.5034  best_so_far=0.5337 (ep 34)
    ep  40/40  task=1.3057  feat=233373.3968  val=0.5081  best_so_far=0.5356 (ep 39)
    ep   1/40  task=2.9754  feat=234003.9781  val=0.2296  best_so_far=0.2296 (ep 1)
    ep   5/40  task=1.8321  feat=233999.0638  val=0.4184  best_so_far=0.4774 (ep 4)
    ep  10/40  task=1.6133  feat=233974.0951  val=0.5367  best_so_far=0.5410 (ep 9)
    ep  15/40  task=1.5716  feat=233883.0082  val=0.4778  best_so_far=0.5410 (ep 9)
    ep  20/40  task=1.5365  feat=233746.4565  val=0.4788  best_so_far=0.5410 (ep 9)
    ep  25/40  task=1.4997  feat=233621.1385  val=0.4639  best_so_far=0.5410 (ep 9)
    ep  30/40  task=1.4402  feat=233510.1700  val=0.5291  best_so_far=0.5410 (ep 9)
    ep  35/40  task=1.3608  feat=233420.7147  val=0.5116  best_so_far=0.5410 (ep 9)
    ep  40/40  task=1.3229  feat=233357.8163  val=0.5175  best_so_far=0.5410 (ep 9)
    ep   1/40  task=2.6916  feat=234006.1701  val=0.3157  best_so_far=0.3157 (ep 1)
    ep   5/40  task=1.7866  feat=233997.8632  val=0.4691  best_so_far=0.4915 (ep 4)
    ep  10/40  task=1.6449  feat=233963.4237  val=0.4382  best_so_far=0.5084 (ep 8)
    ep  15/40  task=1.6098  feat=233865.7355  val=0.5326  best_so_far=0.5343 (ep 14)
    ep  20/40  task=1.5582  feat=233733.1248  val=0.5155  best_so_far=0.5343 (ep 14)
    ep  25/40  task=1.5174  feat=233600.4543  val=0.5296  best_so_far=0.5343 (ep 14)
    ep  30/40  task=1.4562  feat=233490.8191  val=0.5013  best_so_far=0.5343 (ep 14)
    ep  35/40  task=1.4176  feat=233418.7441  val=0.4567  best_so_far=0.5343 (ep 14)
    ep  40/40  task=1.3519  feat=233343.1972  val=0.5137  best_so_far=0.5343 (ep 14)
    ep   1/40  task=2.7940  feat=234006.7206  val=0.3265  best_so_far=0.3265 (ep 1)
    ep   5/40  task=1.7883  feat=234001.7058  val=0.4993  best_so_far=0.4993 (ep 5)
    ep  10/40  task=1.6170  feat=233973.9010  val=0.4620  best_so_far=0.4993 (ep 5)
    ep  15/40  task=1.5720  feat=233891.5392  val=0.5355  best_so_far=0.5355 (ep 15)
    ep  20/40  task=1.5205  feat=233755.1478  val=0.5332  best_so_far=0.5365 (ep 17)
    ep  25/40  task=1.5161  feat=233629.1351  val=0.5581  best_so_far=0.5581 (ep 25)
    ep  30/40  task=1.4146  feat=233521.8542  val=0.5458  best_so_far=0.5581 (ep 25)
    ep  35/40  task=1.4087  feat=233431.6642  val=0.5055  best_so_far=0.5581 (ep 25)
    ep  40/40  task=1.3256  feat=233368.1391  val=0.5348  best_so_far=0.5581 (ep 25)
    ep   1/40  task=3.0182  feat=234003.8251  val=0.3413  best_so_far=0.3413 (ep 1)
    ep   5/40  task=1.9012  feat=234000.7486  val=0.4553  best_so_far=0.4784 (ep 4)
    ep  10/40  task=1.6550  feat=233971.5268  val=0.4800  best_so_far=0.4973 (ep 6)
    ep  15/40  task=1.6409  feat=233893.8489  val=0.4318  best_so_far=0.5365 (ep 14)
    ep  20/40  task=1.5869  feat=233765.5621  val=0.5511  best_so_far=0.5511 (ep 20)
    ep  25/40  task=1.5422  feat=233636.5517  val=0.5206  best_so_far=0.5527 (ep 22)
    ep  30/40  task=1.4640  feat=233543.2582  val=0.5155  best_so_far=0.5527 (ep 22)
    ep  35/40  task=1.4015  feat=233454.1794  val=0.5158  best_so_far=0.5527 (ep 22)
    ep  40/40  task=1.3354  feat=233378.6055  val=0.5113  best_so_far=0.5527 (ep 22)
   busi K=3 canal=False ε=2.0: 0.5443
    ep   1/40  task=2.6709  feat=123481.0821  val=0.3088  best_so_far=0.3088 (ep 1)
    ep   5/40  task=1.7423  feat=123476.2161  val=0.4357  best_so_far=0.4877 (ep 4)
    ep  10/40  task=1.5748  feat=123458.2541  val=0.5633  best_so_far=0.5633 (ep 10)
    ep  15/40  task=1.4908  feat=123404.4665  val=0.5462  best_so_far=0.5770 (ep 14)
    ep  20/40  task=1.4878  feat=123329.7413  val=0.5212  best_so_far=0.5770 (ep 14)
    ep  25/40  task=1.4150  feat=123260.6831  val=0.5463  best_so_far=0.5770 (ep 14)
    ep  30/40  task=1.3769  feat=123205.1100  val=0.5370  best_so_far=0.5770 (ep 14)
    ep  35/40  task=1.3209  feat=123156.2151  val=0.4863  best_so_far=0.5770 (ep 14)
    ep  40/40  task=1.2563  feat=123123.3379  val=0.5124  best_so_far=0.5770 (ep 14)
    ep   1/40  task=2.9532  feat=123479.4781  val=0.3281  best_so_far=0.3281 (ep 1)
    ep   5/40  task=1.8341  feat=123474.7370  val=0.4589  best_so_far=0.4677 (ep 4)
    ep  10/40  task=1.5682  feat=123458.9496  val=0.5573  best_so_far=0.5573 (ep 10)
    ep  15/40  task=1.5064  feat=123403.9393  val=0.5196  best_so_far=0.5724 (ep 11)
    ep  20/40  task=1.4676  feat=123324.2297  val=0.5433  best_so_far=0.5724 (ep 11)
    ep  25/40  task=1.4387  feat=123253.7108  val=0.4947  best_so_far=0.5724 (ep 11)
    ep  30/40  task=1.3746  feat=123192.3919  val=0.5248  best_so_far=0.5724 (ep 11)
    ep  35/40  task=1.3122  feat=123145.4123  val=0.5366  best_so_far=0.5724 (ep 11)
    ep  40/40  task=1.2573  feat=123111.0951  val=0.5301  best_so_far=0.5724 (ep 11)
    ep   1/40  task=2.6628  feat=123479.5078  val=0.3199  best_so_far=0.3199 (ep 1)
    ep   5/40  task=1.7651  feat=123474.7452  val=0.4024  best_so_far=0.4426 (ep 4)
    ep  10/40  task=1.5800  feat=123456.4513  val=0.4602  best_so_far=0.5404 (ep 8)
    ep  15/40  task=1.5124  feat=123402.3958  val=0.4404  best_so_far=0.5422 (ep 13)
    ep  20/40  task=1.4730  feat=123327.0683  val=0.5115  best_so_far=0.5638 (ep 19)
    ep  25/40  task=1.4315  feat=123251.3577  val=0.5170  best_so_far=0.5638 (ep 19)
    ep  30/40  task=1.3634  feat=123190.1272  val=0.5000  best_so_far=0.5638 (ep 19)
    ep  35/40  task=1.3148  feat=123150.6335  val=0.5145  best_so_far=0.5638 (ep 19)
    ep  40/40  task=1.2824  feat=123107.6451  val=0.5326  best_so_far=0.5638 (ep 19)
    ep   1/40  task=2.7583  feat=123479.5198  val=0.3162  best_so_far=0.3162 (ep 1)
    ep   5/40  task=1.7206  feat=123475.2657  val=0.5238  best_so_far=0.5238 (ep 5)
    ep  10/40  task=1.5319  feat=123451.0441  val=0.3941  best_so_far=0.5367 (ep 7)
    ep  15/40  task=1.4550  feat=123389.0856  val=0.5300  best_so_far=0.5502 (ep 11)
    ep  20/40  task=1.4209  feat=123306.0076  val=0.5343  best_so_far=0.5606 (ep 17)
    ep  25/40  task=1.4007  feat=123236.6596  val=0.5645  best_so_far=0.5645 (ep 25)
    ep  30/40  task=1.3313  feat=123179.3386  val=0.5382  best_so_far=0.5645 (ep 25)
    ep  35/40  task=1.3137  feat=123132.7504  val=0.4139  best_so_far=0.5645 (ep 25)
    ep  40/40  task=1.2352  feat=123100.3950  val=0.5384  best_so_far=0.5645 (ep 25)
    ep   1/40  task=2.9997  feat=123478.9053  val=0.3484  best_so_far=0.3484 (ep 1)
    ep   5/40  task=1.7576  feat=123474.5308  val=0.5135  best_so_far=0.5135 (ep 5)
    ep  10/40  task=1.5492  feat=123452.7782  val=0.5177  best_so_far=0.5427 (ep 7)
    ep  15/40  task=1.5075  feat=123397.9469  val=0.4802  best_so_far=0.5427 (ep 7)
    ep  20/40  task=1.4685  feat=123318.9465  val=0.5111  best_so_far=0.5427 (ep 7)
    ep  25/40  task=1.4297  feat=123244.3025  val=0.5174  best_so_far=0.5427 (ep 7)
    ep  30/40  task=1.3752  feat=123194.4856  val=0.4448  best_so_far=0.5427 (ep 7)
    ep  35/40  task=1.3243  feat=123146.2904  val=0.5214  best_so_far=0.5427 (ep 7)
    ep  40/40  task=1.2715  feat=123107.1941  val=0.4947  best_so_far=0.5427 (ep 7)
   busi K=3 canal=True ε=2.0: 0.5641

saved /home/ialam/DPKD-medical/phase1_distillation/results/busi_canal_k3_eps2_results.json

Summary:
  K=3 ε=2.0: uniform=0.5443  CANAL=0.5641  diff=+0.0197
Finished: Wed Jun 24 00:31:53 CDT 2026
