==========================================
ISIC K=5/K=10 CANAL small-epsilon experiment
Job ID: 39096892
Node: c0254
Start: Sun Jun 21 03:58:36 CDT 2026
==========================================
Active conda env: mmseg-cu124-240
Python 3.10.18
CUDA available: True
Device: NVIDIA A100 80GB PCIe
Found data: train=2076 val=518
==========================================
Starting: K=5,10 uniform vs CANAL at eps=0.5,1  seeds=5 te=60 se=40
==========================================
[isic] device=cuda in_ch=3  train=2076 val=518  ε=[0.5, 1.0] seeds=[100, 200, 300, 400, 500]  K=(5, 10)
  teacher 1/5 on patients [0, 1, 2, 3, 4, 5, 6, 7, 8, 9, 10, 11, 12, 13, 14, 15, 16, 17, 18, 19, 20, 21, 22, 23, 24, 25, 26, 27, 28, 29, 30, 31, 32, 33, 34, 35, 36, 37, 38, 39, 40, 41, 42, 43, 44, 45, 46, 47, 48, 49, 50, 51, 52, 53, 54, 55, 56, 57, 58, 59, 60, 61, 62, 63, 64, 65, 66, 67, 68, 69, 70, 71, 72, 73, 74, 75, 76, 77, 78, 79, 80, 81, 82, 83, 84, 85, 86, 87, 88, 89, 90, 91, 92, 93, 94, 95, 96, 97, 98, 99, 100, 101, 102, 103, 104, 105, 106, 107, 108, 109, 110, 111, 112, 113, 114, 115, 116, 117, 118, 119, 120, 121, 122, 123, 124, 125, 126, 127, 128, 129, 130, 131, 132, 133, 134, 135, 136, 137, 138, 139, 140, 141, 142, 143, 144, 145, 146, 147, 148, 149, 150, 151, 152, 153, 154, 155, 156, 157, 158, 159, 160, 161, 162, 163, 164, 165, 166, 167, 168, 169, 170, 171, 172, 173, 174, 175, 176, 177, 178, 179, 180, 181, 182, 183, 184, 185, 186, 187, 188, 189, 190, 191, 192, 193, 194, 195, 196, 197, 198, 199, 200, 201, 202, 203, 204, 205, 206, 207, 208, 209, 210, 211, 212, 213, 214, 215, 216, 217, 218, 219, 220, 221, 222, 223, 224, 225, 226, 227, 228, 229, 230, 231, 232, 233, 234, 235, 236, 237, 238, 239, 240, 241, 242, 243, 244, 245, 246, 247, 248, 249, 250, 251, 252, 253, 254, 255, 256, 257, 258, 259, 260, 261, 262, 263, 264, 265, 266, 267, 268, 269, 270, 271, 272, 273, 274, 275, 276, 277, 278, 279, 280, 281, 282, 283, 284, 285, 286, 287, 288, 289, 290, 291, 292, 293, 294, 295, 296, 297, 298, 299, 300, 301, 302, 303, 304, 305, 306, 307, 308, 309, 310, 311, 312, 313, 314, 315, 316, 317, 318, 319, 320, 321, 322, 323, 324, 325, 326, 327, 328, 329, 330, 331, 332, 333, 334, 335, 336, 337, 338, 339, 340, 341, 342, 343, 344, 345, 346, 347, 348, 349, 350, 351, 352, 353, 354, 355, 356, 357, 358, 359, 360, 361, 362, 363, 364, 365, 366, 367, 368, 369, 370, 371, 372, 373, 374, 375, 376, 377, 378, 379, 380, 381, 382, 383, 384, 385, 386, 387, 388, 389, 390, 391, 392, 393, 394, 395, 396, 397, 398, 399, 400, 401, 402, 403, 404, 405, 406, 407, 408, 409, 410, 411, 412, 413, 414, 415]...
  ep   1/60 loss=1.3125
  ep  10/60 loss=0.5834
  ep  20/60 loss=0.4997
  ep  30/60 loss=0.4172
  ep  40/60 loss=0.3801
  ep  50/60 loss=0.3279
  ep  60/60 loss=0.3045
  teacher 2/5 on patients [416, 417, 418, 419, 420, 421, 422, 423, 424, 425, 426, 427, 428, 429, 430, 431, 432, 433, 434, 435, 436, 437, 438, 439, 440, 441, 442, 443, 444, 445, 446, 447, 448, 449, 450, 451, 452, 453, 454, 455, 456, 457, 458, 459, 460, 461, 462, 463, 464, 465, 466, 467, 468, 469, 470, 471, 472, 473, 474, 475, 476, 477, 478, 479, 480, 481, 482, 483, 484, 485, 486, 487, 488, 489, 490, 491, 492, 493, 494, 495, 496, 497, 498, 499, 500, 501, 502, 503, 504, 505, 506, 507, 508, 509, 510, 511, 512, 513, 514, 515, 516, 517, 518, 519, 520, 521, 522, 523, 524, 525, 526, 527, 528, 529, 530, 531, 532, 533, 534, 535, 536, 537, 538, 539, 540, 541, 542, 543, 544, 545, 546, 547, 548, 549, 550, 551, 552, 553, 554, 555, 556, 557, 558, 559, 560, 561, 562, 563, 564, 565, 566, 567, 568, 569, 570, 571, 572, 573, 574, 575, 576, 577, 578, 579, 580, 581, 582, 583, 584, 585, 586, 587, 588, 589, 590, 591, 592, 593, 594, 595, 596, 597, 598, 599, 600, 601, 602, 603, 604, 605, 606, 607, 608, 609, 610, 611, 612, 613, 614, 615, 616, 617, 618, 619, 620, 621, 622, 623, 624, 625, 626, 627, 628, 629, 630, 631, 632, 633, 634, 635, 636, 637, 638, 639, 640, 641, 642, 643, 644, 645, 646, 647, 648, 649, 650, 651, 652, 653, 654, 655, 656, 657, 658, 659, 660, 661, 662, 663, 664, 665, 666, 667, 668, 669, 670, 671, 672, 673, 674, 675, 676, 677, 678, 679, 680, 681, 682, 683, 684, 685, 686, 687, 688, 689, 690, 691, 692, 693, 694, 695, 696, 697, 698, 699, 700, 701, 702, 703, 704, 705, 706, 707, 708, 709, 710, 711, 712, 713, 714, 715, 716, 717, 718, 719, 720, 721, 722, 723, 724, 725, 726, 727, 728, 729, 730, 731, 732, 733, 734, 735, 736, 737, 738, 739, 740, 741, 742, 743, 744, 745, 746, 747, 748, 749, 750, 751, 752, 753, 754, 755, 756, 757, 758, 759, 760, 761, 762, 763, 764, 765, 766, 767, 768, 769, 770, 771, 772, 773, 774, 775, 776, 777, 778, 779, 780, 781, 782, 783, 784, 785, 786, 787, 788, 789, 790, 791, 792, 793, 794, 795, 796, 797, 798, 799, 800, 801, 802, 803, 804, 805, 806, 807, 808, 809, 810, 811, 812, 813, 814, 815, 816, 817, 818, 819, 820, 821, 822, 823, 824, 825, 826, 827, 828, 829, 830]...
  ep   1/60 loss=1.7126
  ep  10/60 loss=0.7618
  ep  20/60 loss=0.5621
  ep  30/60 loss=0.5056
  ep  40/60 loss=0.4515
  ep  50/60 loss=0.4234
  ep  60/60 loss=0.3720
  teacher 3/5 on patients [831, 832, 833, 834, 835, 836, 837, 838, 839, 840, 841, 842, 843, 844, 845, 846, 847, 848, 849, 850, 851, 852, 853, 854, 855, 856, 857, 858, 859, 860, 861, 862, 863, 864, 865, 866, 867, 868, 869, 870, 871, 872, 873, 874, 875, 876, 877, 878, 879, 880, 881, 882, 883, 884, 885, 886, 887, 888, 889, 890, 891, 892, 893, 894, 895, 896, 897, 898, 899, 900, 901, 902, 903, 904, 905, 906, 907, 908, 909, 910, 911, 912, 913, 914, 915, 916, 917, 918, 919, 920, 921, 922, 923, 924, 925, 926, 927, 928, 929, 930, 931, 932, 933, 934, 935, 936, 937, 938, 939, 940, 941, 942, 943, 944, 945, 946, 947, 948, 949, 950, 951, 952, 953, 954, 955, 956, 957, 958, 959, 960, 961, 962, 963, 964, 965, 966, 967, 968, 969, 970, 971, 972, 973, 974, 975, 976, 977, 978, 979, 980, 981, 982, 983, 984, 985, 986, 987, 988, 989, 990, 991, 992, 993, 994, 995, 996, 997, 998, 999, 1000, 1001, 1002, 1003, 1004, 1005, 1006, 1007, 1008, 1009, 1010, 1011, 1012, 1013, 1014, 1015, 1016, 1017, 1018, 1019, 1020, 1021, 1022, 1023, 1024, 1025, 1026, 1027, 1028, 1029, 1030, 1031, 1032, 1033, 1034, 1035, 1036, 1037, 1038, 1039, 1040, 1041, 1042, 1043, 1044, 1045, 1046, 1047, 1048, 1049, 1050, 1051, 1052, 1053, 1054, 1055, 1056, 1057, 1058, 1059, 1060, 1061, 1062, 1063, 1064, 1065, 1066, 1067, 1068, 1069, 1070, 1071, 1072, 1073, 1074, 1075, 1076, 1077, 1078, 1079, 1080, 1081, 1082, 1083, 1084, 1085, 1086, 1087, 1088, 1089, 1090, 1091, 1092, 1093, 1094, 1095, 1096, 1097, 1098, 1099, 1100, 1101, 1102, 1103, 1104, 1105, 1106, 1107, 1108, 1109, 1110, 1111, 1112, 1113, 1114, 1115, 1116, 1117, 1118, 1119, 1120, 1121, 1122, 1123, 1124, 1125, 1126, 1127, 1128, 1129, 1130, 1131, 1132, 1133, 1134, 1135, 1136, 1137, 1138, 1139, 1140, 1141, 1142, 1143, 1144, 1145, 1146, 1147, 1148, 1149, 1150, 1151, 1152, 1153, 1154, 1155, 1156, 1157, 1158, 1159, 1160, 1161, 1162, 1163, 1164, 1165, 1166, 1167, 1168, 1169, 1170, 1171, 1172, 1173, 1174, 1175, 1176, 1177, 1178, 1179, 1180, 1181, 1182, 1183, 1184, 1185, 1186, 1187, 1188, 1189, 1190, 1191, 1192, 1193, 1194, 1195, 1196, 1197, 1198, 1199, 1200, 1201, 1202, 1203, 1204, 1205, 1206, 1207, 1208, 1209, 1210, 1211, 1212, 1213, 1214, 1215, 1216, 1217, 1218, 1219, 1220, 1221, 1222, 1223, 1224, 1225, 1226, 1227, 1228, 1229, 1230, 1231, 1232, 1233, 1234, 1235, 1236, 1237, 1238, 1239, 1240, 1241, 1242, 1243, 1244, 1245]...
  ep   1/60 loss=2.3741
  ep  10/60 loss=1.2031
  ep  20/60 loss=1.0392
  ep  30/60 loss=0.9126
  ep  40/60 loss=0.8079
  ep  50/60 loss=0.7478
  ep  60/60 loss=0.6862
  teacher 4/5 on patients [1246, 1247, 1248, 1249, 1250, 1251, 1252, 1253, 1254, 1255, 1256, 1257, 1258, 1259, 1260, 1261, 1262, 1263, 1264, 1265, 1266, 1267, 1268, 1269, 1270, 1271, 1272, 1273, 1274, 1275, 1276, 1277, 1278, 1279, 1280, 1281, 1282, 1283, 1284, 1285, 1286, 1287, 1288, 1289, 1290, 1291, 1292, 1293, 1294, 1295, 1296, 1297, 1298, 1299, 1300, 1301, 1302, 1303, 1304, 1305, 1306, 1307, 1308, 1309, 1310, 1311, 1312, 1313, 1314, 1315, 1316, 1317, 1318, 1319, 1320, 1321, 1322, 1323, 1324, 1325, 1326, 1327, 1328, 1329, 1330, 1331, 1332, 1333, 1334, 1335, 1336, 1337, 1338, 1339, 1340, 1341, 1342, 1343, 1344, 1345, 1346, 1347, 1348, 1349, 1350, 1351, 1352, 1353, 1354, 1355, 1356, 1357, 1358, 1359, 1360, 1361, 1362, 1363, 1364, 1365, 1366, 1367, 1368, 1369, 1370, 1371, 1372, 1373, 1374, 1375, 1376, 1377, 1378, 1379, 1380, 1381, 1382, 1383, 1384, 1385, 1386, 1387, 1388, 1389, 1390, 1391, 1392, 1393, 1394, 1395, 1396, 1397, 1398, 1399, 1400, 1401, 1402, 1403, 1404, 1405, 1406, 1407, 1408, 1409, 1410, 1411, 1412, 1413, 1414, 1415, 1416, 1417, 1418, 1419, 1420, 1421, 1422, 1423, 1424, 1425, 1426, 1427, 1428, 1429, 1430, 1431, 1432, 1433, 1434, 1435, 1436, 1437, 1438, 1439, 1440, 1441, 1442, 1443, 1444, 1445, 1446, 1447, 1448, 1449, 1450, 1451, 1452, 1453, 1454, 1455, 1456, 1457, 1458, 1459, 1460, 1461, 1462, 1463, 1464, 1465, 1466, 1467, 1468, 1469, 1470, 1471, 1472, 1473, 1474, 1475, 1476, 1477, 1478, 1479, 1480, 1481, 1482, 1483, 1484, 1485, 1486, 1487, 1488, 1489, 1490, 1491, 1492, 1493, 1494, 1495, 1496, 1497, 1498, 1499, 1500, 1501, 1502, 1503, 1504, 1505, 1506, 1507, 1508, 1509, 1510, 1511, 1512, 1513, 1514, 1515, 1516, 1517, 1518, 1519, 1520, 1521, 1522, 1523, 1524, 1525, 1526, 1527, 1528, 1529, 1530, 1531, 1532, 1533, 1534, 1535, 1536, 1537, 1538, 1539, 1540, 1541, 1542, 1543, 1544, 1545, 1546, 1547, 1548, 1549, 1550, 1551, 1552, 1553, 1554, 1555, 1556, 1557, 1558, 1559, 1560, 1561, 1562, 1563, 1564, 1565, 1566, 1567, 1568, 1569, 1570, 1571, 1572, 1573, 1574, 1575, 1576, 1577, 1578, 1579, 1580, 1581, 1582, 1583, 1584, 1585, 1586, 1587, 1588, 1589, 1590, 1591, 1592, 1593, 1594, 1595, 1596, 1597, 1598, 1599, 1600, 1601, 1602, 1603, 1604, 1605, 1606, 1607, 1608, 1609, 1610, 1611, 1612, 1613, 1614, 1615, 1616, 1617, 1618, 1619, 1620, 1621, 1622, 1623, 1624, 1625, 1626, 1627, 1628, 1629, 1630, 1631, 1632, 1633, 1634, 1635, 1636, 1637, 1638, 1639, 1640, 1641, 1642, 1643, 1644, 1645, 1646, 1647, 1648, 1649, 1650, 1651, 1652, 1653, 1654, 1655, 1656, 1657, 1658, 1659, 1660]...
  ep   1/60 loss=2.3065
  ep  10/60 loss=1.1548
  ep  20/60 loss=1.0059
  ep  30/60 loss=0.9028
  ep  40/60 loss=0.8247
  ep  50/60 loss=0.7765
  ep  60/60 loss=0.7255
  teacher 5/5 on patients [1661, 1662, 1663, 1664, 1665, 1666, 1667, 1668, 1669, 1670, 1671, 1672, 1673, 1674, 1675, 1676, 1677, 1678, 1679, 1680, 1681, 1682, 1683, 1684, 1685, 1686, 1687, 1688, 1689, 1690, 1691, 1692, 1693, 1694, 1695, 1696, 1697, 1698, 1699, 1700, 1701, 1702, 1703, 1704, 1705, 1706, 1707, 1708, 1709, 1710, 1711, 1712, 1713, 1714, 1715, 1716, 1717, 1718, 1719, 1720, 1721, 1722, 1723, 1724, 1725, 1726, 1727, 1728, 1729, 1730, 1731, 1732, 1733, 1734, 1735, 1736, 1737, 1738, 1739, 1740, 1741, 1742, 1743, 1744, 1745, 1746, 1747, 1748, 1749, 1750, 1751, 1752, 1753, 1754, 1755, 1756, 1757, 1758, 1759, 1760, 1761, 1762, 1763, 1764, 1765, 1766, 1767, 1768, 1769, 1770, 1771, 1772, 1773, 1774, 1775, 1776, 1777, 1778, 1779, 1780, 1781, 1782, 1783, 1784, 1785, 1786, 1787, 1788, 1789, 1790, 1791, 1792, 1793, 1794, 1795, 1796, 1797, 1798, 1799, 1800, 1801, 1802, 1803, 1804, 1805, 1806, 1807, 1808, 1809, 1810, 1811, 1812, 1813, 1814, 1815, 1816, 1817, 1818, 1819, 1820, 1821, 1822, 1823, 1824, 1825, 1826, 1827, 1828, 1829, 1830, 1831, 1832, 1833, 1834, 1835, 1836, 1837, 1838, 1839, 1840, 1841, 1842, 1843, 1844, 1845, 1846, 1847, 1848, 1849, 1850, 1851, 1852, 1853, 1854, 1855, 1856, 1857, 1858, 1859, 1860, 1861, 1862, 1863, 1864, 1865, 1866, 1867, 1868, 1869, 1870, 1871, 1872, 1873, 1874, 1875, 1876, 1877, 1878, 1879, 1880, 1881, 1882, 1883, 1884, 1885, 1886, 1887, 1888, 1889, 1890, 1891, 1892, 1893, 1894, 1895, 1896, 1897, 1898, 1899, 1900, 1901, 1902, 1903, 1904, 1905, 1906, 1907, 1908, 1909, 1910, 1911, 1912, 1913, 1914, 1915, 1916, 1917, 1918, 1919, 1920, 1921, 1922, 1923, 1924, 1925, 1926, 1927, 1928, 1929, 1930, 1931, 1932, 1933, 1934, 1935, 1936, 1937, 1938, 1939, 1940, 1941, 1942, 1943, 1944, 1945, 1946, 1947, 1948, 1949, 1950, 1951, 1952, 1953, 1954, 1955, 1956, 1957, 1958, 1959, 1960, 1961, 1962, 1963, 1964, 1965, 1966, 1967, 1968, 1969, 1970, 1971, 1972, 1973, 1974, 1975, 1976, 1977, 1978, 1979, 1980, 1981, 1982, 1983, 1984, 1985, 1986, 1987, 1988, 1989, 1990, 1991, 1992, 1993, 1994, 1995, 1996, 1997, 1998, 1999, 2000, 2001, 2002, 2003, 2004, 2005, 2006, 2007, 2008, 2009, 2010, 2011, 2012, 2013, 2014, 2015, 2016, 2017, 2018, 2019, 2020, 2021, 2022, 2023, 2024, 2025, 2026, 2027, 2028, 2029, 2030, 2031, 2032, 2033, 2034, 2035, 2036, 2037, 2038, 2039, 2040, 2041, 2042, 2043, 2044, 2045, 2046, 2047, 2048, 2049, 2050, 2051, 2052, 2053, 2054, 2055, 2056, 2057, 2058, 2059, 2060, 2061, 2062, 2063, 2064, 2065, 2066, 2067, 2068, 2069, 2070, 2071, 2072, 2073, 2074, 2075]...
  ep   1/60 loss=1.5465
  ep  10/60 loss=0.8741
  ep  20/60 loss=0.7300
  ep  30/60 loss=0.6522
  ep  40/60 loss=0.6136
  ep  50/60 loss=0.5631
  ep  60/60 loss=0.5161
  teacher 1/10 on patients [0, 1, 2, 3, 4, 5, 6, 7, 8, 9, 10, 11, 12, 13, 14, 15, 16, 17, 18, 19, 20, 21, 22, 23, 24, 25, 26, 27, 28, 29, 30, 31, 32, 33, 34, 35, 36, 37, 38, 39, 40, 41, 42, 43, 44, 45, 46, 47, 48, 49, 50, 51, 52, 53, 54, 55, 56, 57, 58, 59, 60, 61, 62, 63, 64, 65, 66, 67, 68, 69, 70, 71, 72, 73, 74, 75, 76, 77, 78, 79, 80, 81, 82, 83, 84, 85, 86, 87, 88, 89, 90, 91, 92, 93, 94, 95, 96, 97, 98, 99, 100, 101, 102, 103, 104, 105, 106, 107, 108, 109, 110, 111, 112, 113, 114, 115, 116, 117, 118, 119, 120, 121, 122, 123, 124, 125, 126, 127, 128, 129, 130, 131, 132, 133, 134, 135, 136, 137, 138, 139, 140, 141, 142, 143, 144, 145, 146, 147, 148, 149, 150, 151, 152, 153, 154, 155, 156, 157, 158, 159, 160, 161, 162, 163, 164, 165, 166, 167, 168, 169, 170, 171, 172, 173, 174, 175, 176, 177, 178, 179, 180, 181, 182, 183, 184, 185, 186, 187, 188, 189, 190, 191, 192, 193, 194, 195, 196, 197, 198, 199, 200, 201, 202, 203, 204, 205, 206, 207]...
  ep   1/60 loss=1.3987
  ep  10/60 loss=0.6893
  ep  20/60 loss=0.5645
  ep  30/60 loss=0.5047
  ep  40/60 loss=0.4213
  ep  50/60 loss=0.3366
  ep  60/60 loss=0.3033
  teacher 2/10 on patients [208, 209, 210, 211, 212, 213, 214, 215, 216, 217, 218, 219, 220, 221, 222, 223, 224, 225, 226, 227, 228, 229, 230, 231, 232, 233, 234, 235, 236, 237, 238, 239, 240, 241, 242, 243, 244, 245, 246, 247, 248, 249, 250, 251, 252, 253, 254, 255, 256, 257, 258, 259, 260, 261, 262, 263, 264, 265, 266, 267, 268, 269, 270, 271, 272, 273, 274, 275, 276, 277, 278, 279, 280, 281, 282, 283, 284, 285, 286, 287, 288, 289, 290, 291, 292, 293, 294, 295, 296, 297, 298, 299, 300, 301, 302, 303, 304, 305, 306, 307, 308, 309, 310, 311, 312, 313, 314, 315, 316, 317, 318, 319, 320, 321, 322, 323, 324, 325, 326, 327, 328, 329, 330, 331, 332, 333, 334, 335, 336, 337, 338, 339, 340, 341, 342, 343, 344, 345, 346, 347, 348, 349, 350, 351, 352, 353, 354, 355, 356, 357, 358, 359, 360, 361, 362, 363, 364, 365, 366, 367, 368, 369, 370, 371, 372, 373, 374, 375, 376, 377, 378, 379, 380, 381, 382, 383, 384, 385, 386, 387, 388, 389, 390, 391, 392, 393, 394, 395, 396, 397, 398, 399, 400, 401, 402, 403, 404, 405, 406, 407, 408, 409, 410, 411, 412, 413, 414, 415]...
  ep   1/60 loss=1.7108
  ep  10/60 loss=0.6667
  ep  20/60 loss=0.5464
  ep  30/60 loss=0.4941
  ep  40/60 loss=0.4338
  ep  50/60 loss=0.4559
  ep  60/60 loss=0.3238
  teacher 3/10 on patients [416, 417, 418, 419, 420, 421, 422, 423, 424, 425, 426, 427, 428, 429, 430, 431, 432, 433, 434, 435, 436, 437, 438, 439, 440, 441, 442, 443, 444, 445, 446, 447, 448, 449, 450, 451, 452, 453, 454, 455, 456, 457, 458, 459, 460, 461, 462, 463, 464, 465, 466, 467, 468, 469, 470, 471, 472, 473, 474, 475, 476, 477, 478, 479, 480, 481, 482, 483, 484, 485, 486, 487, 488, 489, 490, 491, 492, 493, 494, 495, 496, 497, 498, 499, 500, 501, 502, 503, 504, 505, 506, 507, 508, 509, 510, 511, 512, 513, 514, 515, 516, 517, 518, 519, 520, 521, 522, 523, 524, 525, 526, 527, 528, 529, 530, 531, 532, 533, 534, 535, 536, 537, 538, 539, 540, 541, 542, 543, 544, 545, 546, 547, 548, 549, 550, 551, 552, 553, 554, 555, 556, 557, 558, 559, 560, 561, 562, 563, 564, 565, 566, 567, 568, 569, 570, 571, 572, 573, 574, 575, 576, 577, 578, 579, 580, 581, 582, 583, 584, 585, 586, 587, 588, 589, 590, 591, 592, 593, 594, 595, 596, 597, 598, 599, 600, 601, 602, 603, 604, 605, 606, 607, 608, 609, 610, 611, 612, 613, 614, 615, 616, 617, 618, 619, 620, 621, 622, 623]...
  ep   1/60 loss=2.1486
  ep  10/60 loss=0.7284
  ep  20/60 loss=0.5841
  ep  30/60 loss=0.5234
  ep  40/60 loss=0.3932
  ep  50/60 loss=0.4118
  ep  60/60 loss=0.3247
  teacher 4/10 on patients [624, 625, 626, 627, 628, 629, 630, 631, 632, 633, 634, 635, 636, 637, 638, 639, 640, 641, 642, 643, 644, 645, 646, 647, 648, 649, 650, 651, 652, 653, 654, 655, 656, 657, 658, 659, 660, 661, 662, 663, 664, 665, 666, 667, 668, 669, 670, 671, 672, 673, 674, 675, 676, 677, 678, 679, 680, 681, 682, 683, 684, 685, 686, 687, 688, 689, 690, 691, 692, 693, 694, 695, 696, 697, 698, 699, 700, 701, 702, 703, 704, 705, 706, 707, 708, 709, 710, 711, 712, 713, 714, 715, 716, 717, 718, 719, 720, 721, 722, 723, 724, 725, 726, 727, 728, 729, 730, 731, 732, 733, 734, 735, 736, 737, 738, 739, 740, 741, 742, 743, 744, 745, 746, 747, 748, 749, 750, 751, 752, 753, 754, 755, 756, 757, 758, 759, 760, 761, 762, 763, 764, 765, 766, 767, 768, 769, 770, 771, 772, 773, 774, 775, 776, 777, 778, 779, 780, 781, 782, 783, 784, 785, 786, 787, 788, 789, 790, 791, 792, 793, 794, 795, 796, 797, 798, 799, 800, 801, 802, 803, 804, 805, 806, 807, 808, 809, 810, 811, 812, 813, 814, 815, 816, 817, 818, 819, 820, 821, 822, 823, 824, 825, 826, 827, 828, 829, 830, 831]...
  ep   1/60 loss=1.7440
  ep  10/60 loss=0.8330
  ep  20/60 loss=0.7395
  ep  30/60 loss=0.6242
  ep  40/60 loss=0.5694
  ep  50/60 loss=0.5345
  ep  60/60 loss=0.5279
  teacher 5/10 on patients [832, 833, 834, 835, 836, 837, 838, 839, 840, 841, 842, 843, 844, 845, 846, 847, 848, 849, 850, 851, 852, 853, 854, 855, 856, 857, 858, 859, 860, 861, 862, 863, 864, 865, 866, 867, 868, 869, 870, 871, 872, 873, 874, 875, 876, 877, 878, 879, 880, 881, 882, 883, 884, 885, 886, 887, 888, 889, 890, 891, 892, 893, 894, 895, 896, 897, 898, 899, 900, 901, 902, 903, 904, 905, 906, 907, 908, 909, 910, 911, 912, 913, 914, 915, 916, 917, 918, 919, 920, 921, 922, 923, 924, 925, 926, 927, 928, 929, 930, 931, 932, 933, 934, 935, 936, 937, 938, 939, 940, 941, 942, 943, 944, 945, 946, 947, 948, 949, 950, 951, 952, 953, 954, 955, 956, 957, 958, 959, 960, 961, 962, 963, 964, 965, 966, 967, 968, 969, 970, 971, 972, 973, 974, 975, 976, 977, 978, 979, 980, 981, 982, 983, 984, 985, 986, 987, 988, 989, 990, 991, 992, 993, 994, 995, 996, 997, 998, 999, 1000, 1001, 1002, 1003, 1004, 1005, 1006, 1007, 1008, 1009, 1010, 1011, 1012, 1013, 1014, 1015, 1016, 1017, 1018, 1019, 1020, 1021, 1022, 1023, 1024, 1025, 1026, 1027, 1028, 1029, 1030, 1031, 1032, 1033, 1034, 1035, 1036, 1037, 1038, 1039]...
  ep   1/60 loss=2.1887
  ep  10/60 loss=1.2589
  ep  20/60 loss=1.0812
  ep  30/60 loss=0.9507
  ep  40/60 loss=0.8368
  ep  50/60 loss=0.7624
  ep  60/60 loss=0.7266
  teacher 6/10 on patients [1040, 1041, 1042, 1043, 1044, 1045, 1046, 1047, 1048, 1049, 1050, 1051, 1052, 1053, 1054, 1055, 1056, 1057, 1058, 1059, 1060, 1061, 1062, 1063, 1064, 1065, 1066, 1067, 1068, 1069, 1070, 1071, 1072, 1073, 1074, 1075, 1076, 1077, 1078, 1079, 1080, 1081, 1082, 1083, 1084, 1085, 1086, 1087, 1088, 1089, 1090, 1091, 1092, 1093, 1094, 1095, 1096, 1097, 1098, 1099, 1100, 1101, 1102, 1103, 1104, 1105, 1106, 1107, 1108, 1109, 1110, 1111, 1112, 1113, 1114, 1115, 1116, 1117, 1118, 1119, 1120, 1121, 1122, 1123, 1124, 1125, 1126, 1127, 1128, 1129, 1130, 1131, 1132, 1133, 1134, 1135, 1136, 1137, 1138, 1139, 1140, 1141, 1142, 1143, 1144, 1145, 1146, 1147, 1148, 1149, 1150, 1151, 1152, 1153, 1154, 1155, 1156, 1157, 1158, 1159, 1160, 1161, 1162, 1163, 1164, 1165, 1166, 1167, 1168, 1169, 1170, 1171, 1172, 1173, 1174, 1175, 1176, 1177, 1178, 1179, 1180, 1181, 1182, 1183, 1184, 1185, 1186, 1187, 1188, 1189, 1190, 1191, 1192, 1193, 1194, 1195, 1196, 1197, 1198, 1199, 1200, 1201, 1202, 1203, 1204, 1205, 1206, 1207, 1208, 1209, 1210, 1211, 1212, 1213, 1214, 1215, 1216, 1217, 1218, 1219, 1220, 1221, 1222, 1223, 1224, 1225, 1226, 1227, 1228, 1229, 1230, 1231, 1232, 1233, 1234, 1235, 1236, 1237, 1238, 1239, 1240, 1241, 1242, 1243, 1244, 1245, 1246, 1247]...
  ep   1/60 loss=2.5723
  ep  10/60 loss=1.2298
  ep  20/60 loss=1.1169
  ep  30/60 loss=0.9417
  ep  40/60 loss=0.8674
  ep  50/60 loss=0.8679
  ep  60/60 loss=0.6848
  teacher 7/10 on patients [1248, 1249, 1250, 1251, 1252, 1253, 1254, 1255, 1256, 1257, 1258, 1259, 1260, 1261, 1262, 1263, 1264, 1265, 1266, 1267, 1268, 1269, 1270, 1271, 1272, 1273, 1274, 1275, 1276, 1277, 1278, 1279, 1280, 1281, 1282, 1283, 1284, 1285, 1286, 1287, 1288, 1289, 1290, 1291, 1292, 1293, 1294, 1295, 1296, 1297, 1298, 1299, 1300, 1301, 1302, 1303, 1304, 1305, 1306, 1307, 1308, 1309, 1310, 1311, 1312, 1313, 1314, 1315, 1316, 1317, 1318, 1319, 1320, 1321, 1322, 1323, 1324, 1325, 1326, 1327, 1328, 1329, 1330, 1331, 1332, 1333, 1334, 1335, 1336, 1337, 1338, 1339, 1340, 1341, 1342, 1343, 1344, 1345, 1346, 1347, 1348, 1349, 1350, 1351, 1352, 1353, 1354, 1355, 1356, 1357, 1358, 1359, 1360, 1361, 1362, 1363, 1364, 1365, 1366, 1367, 1368, 1369, 1370, 1371, 1372, 1373, 1374, 1375, 1376, 1377, 1378, 1379, 1380, 1381, 1382, 1383, 1384, 1385, 1386, 1387, 1388, 1389, 1390, 1391, 1392, 1393, 1394, 1395, 1396, 1397, 1398, 1399, 1400, 1401, 1402, 1403, 1404, 1405, 1406, 1407, 1408, 1409, 1410, 1411, 1412, 1413, 1414, 1415, 1416, 1417, 1418, 1419, 1420, 1421, 1422, 1423, 1424, 1425, 1426, 1427, 1428, 1429, 1430, 1431, 1432, 1433, 1434, 1435, 1436, 1437, 1438, 1439, 1440, 1441, 1442, 1443, 1444, 1445, 1446, 1447, 1448, 1449, 1450, 1451, 1452, 1453, 1454]...
  ep   1/60 loss=2.6558
  ep  10/60 loss=1.2439
  ep  20/60 loss=1.1728
  ep  30/60 loss=1.0342
  ep  40/60 loss=0.9218
  ep  50/60 loss=0.8466
  ep  60/60 loss=0.7523
  teacher 8/10 on patients [1455, 1456, 1457, 1458, 1459, 1460, 1461, 1462, 1463, 1464, 1465, 1466, 1467, 1468, 1469, 1470, 1471, 1472, 1473, 1474, 1475, 1476, 1477, 1478, 1479, 1480, 1481, 1482, 1483, 1484, 1485, 1486, 1487, 1488, 1489, 1490, 1491, 1492, 1493, 1494, 1495, 1496, 1497, 1498, 1499, 1500, 1501, 1502, 1503, 1504, 1505, 1506, 1507, 1508, 1509, 1510, 1511, 1512, 1513, 1514, 1515, 1516, 1517, 1518, 1519, 1520, 1521, 1522, 1523, 1524, 1525, 1526, 1527, 1528, 1529, 1530, 1531, 1532, 1533, 1534, 1535, 1536, 1537, 1538, 1539, 1540, 1541, 1542, 1543, 1544, 1545, 1546, 1547, 1548, 1549, 1550, 1551, 1552, 1553, 1554, 1555, 1556, 1557, 1558, 1559, 1560, 1561, 1562, 1563, 1564, 1565, 1566, 1567, 1568, 1569, 1570, 1571, 1572, 1573, 1574, 1575, 1576, 1577, 1578, 1579, 1580, 1581, 1582, 1583, 1584, 1585, 1586, 1587, 1588, 1589, 1590, 1591, 1592, 1593, 1594, 1595, 1596, 1597, 1598, 1599, 1600, 1601, 1602, 1603, 1604, 1605, 1606, 1607, 1608, 1609, 1610, 1611, 1612, 1613, 1614, 1615, 1616, 1617, 1618, 1619, 1620, 1621, 1622, 1623, 1624, 1625, 1626, 1627, 1628, 1629, 1630, 1631, 1632, 1633, 1634, 1635, 1636, 1637, 1638, 1639, 1640, 1641, 1642, 1643, 1644, 1645, 1646, 1647, 1648, 1649, 1650, 1651, 1652, 1653, 1654, 1655, 1656, 1657, 1658, 1659, 1660, 1661]...
  ep   1/60 loss=2.3762
  ep  10/60 loss=1.3229
  ep  20/60 loss=1.2156
  ep  30/60 loss=1.1055
  ep  40/60 loss=0.9007
  ep  50/60 loss=0.8598
  ep  60/60 loss=0.7137
  teacher 9/10 on patients [1662, 1663, 1664, 1665, 1666, 1667, 1668, 1669, 1670, 1671, 1672, 1673, 1674, 1675, 1676, 1677, 1678, 1679, 1680, 1681, 1682, 1683, 1684, 1685, 1686, 1687, 1688, 1689, 1690, 1691, 1692, 1693, 1694, 1695, 1696, 1697, 1698, 1699, 1700, 1701, 1702, 1703, 1704, 1705, 1706, 1707, 1708, 1709, 1710, 1711, 1712, 1713, 1714, 1715, 1716, 1717, 1718, 1719, 1720, 1721, 1722, 1723, 1724, 1725, 1726, 1727, 1728, 1729, 1730, 1731, 1732, 1733, 1734, 1735, 1736, 1737, 1738, 1739, 1740, 1741, 1742, 1743, 1744, 1745, 1746, 1747, 1748, 1749, 1750, 1751, 1752, 1753, 1754, 1755, 1756, 1757, 1758, 1759, 1760, 1761, 1762, 1763, 1764, 1765, 1766, 1767, 1768, 1769, 1770, 1771, 1772, 1773, 1774, 1775, 1776, 1777, 1778, 1779, 1780, 1781, 1782, 1783, 1784, 1785, 1786, 1787, 1788, 1789, 1790, 1791, 1792, 1793, 1794, 1795, 1796, 1797, 1798, 1799, 1800, 1801, 1802, 1803, 1804, 1805, 1806, 1807, 1808, 1809, 1810, 1811, 1812, 1813, 1814, 1815, 1816, 1817, 1818, 1819, 1820, 1821, 1822, 1823, 1824, 1825, 1826, 1827, 1828, 1829, 1830, 1831, 1832, 1833, 1834, 1835, 1836, 1837, 1838, 1839, 1840, 1841, 1842, 1843, 1844, 1845, 1846, 1847, 1848, 1849, 1850, 1851, 1852, 1853, 1854, 1855, 1856, 1857, 1858, 1859, 1860, 1861, 1862, 1863, 1864, 1865, 1866, 1867, 1868]...
  ep   1/60 loss=1.4676
  ep  10/60 loss=0.8095
  ep  20/60 loss=0.6516
  ep  30/60 loss=0.5671
  ep  40/60 loss=0.5155
  ep  50/60 loss=0.5133
  ep  60/60 loss=0.4412
  teacher 10/10 on patients [1869, 1870, 1871, 1872, 1873, 1874, 1875, 1876, 1877, 1878, 1879, 1880, 1881, 1882, 1883, 1884, 1885, 1886, 1887, 1888, 1889, 1890, 1891, 1892, 1893, 1894, 1895, 1896, 1897, 1898, 1899, 1900, 1901, 1902, 1903, 1904, 1905, 1906, 1907, 1908, 1909, 1910, 1911, 1912, 1913, 1914, 1915, 1916, 1917, 1918, 1919, 1920, 1921, 1922, 1923, 1924, 1925, 1926, 1927, 1928, 1929, 1930, 1931, 1932, 1933, 1934, 1935, 1936, 1937, 1938, 1939, 1940, 1941, 1942, 1943, 1944, 1945, 1946, 1947, 1948, 1949, 1950, 1951, 1952, 1953, 1954, 1955, 1956, 1957, 1958, 1959, 1960, 1961, 1962, 1963, 1964, 1965, 1966, 1967, 1968, 1969, 1970, 1971, 1972, 1973, 1974, 1975, 1976, 1977, 1978, 1979, 1980, 1981, 1982, 1983, 1984, 1985, 1986, 1987, 1988, 1989, 1990, 1991, 1992, 1993, 1994, 1995, 1996, 1997, 1998, 1999, 2000, 2001, 2002, 2003, 2004, 2005, 2006, 2007, 2008, 2009, 2010, 2011, 2012, 2013, 2014, 2015, 2016, 2017, 2018, 2019, 2020, 2021, 2022, 2023, 2024, 2025, 2026, 2027, 2028, 2029, 2030, 2031, 2032, 2033, 2034, 2035, 2036, 2037, 2038, 2039, 2040, 2041, 2042, 2043, 2044, 2045, 2046, 2047, 2048, 2049, 2050, 2051, 2052, 2053, 2054, 2055, 2056, 2057, 2058, 2059, 2060, 2061, 2062, 2063, 2064, 2065, 2066, 2067, 2068, 2069, 2070, 2071, 2072, 2073, 2074, 2075]...
  ep   1/60 loss=2.0183
  ep  10/60 loss=1.2820
  ep  20/60 loss=1.0122
  ep  30/60 loss=0.9511
  ep  40/60 loss=0.8053
  ep  50/60 loss=0.7554
  ep  60/60 loss=0.7137

[K=5 and K=10: uniform vs CANAL at small epsilon]
    ep   1/40  task=1.7328  feat=1242701.4964  val=0.6393  best_so_far=0.6393 (ep 1)
    ep   5/40  task=1.1653  feat=1242694.4858  val=0.7526  best_so_far=0.7526 (ep 5)
    ep  10/40  task=1.0234  feat=1242682.2695  val=0.7784  best_so_far=0.7784 (ep 10)
    ep  15/40  task=0.9507  feat=1242650.1130  val=0.7816  best_so_far=0.7960 (ep 14)
    ep  20/40  task=0.9234  feat=1242577.6134  val=0.7865  best_so_far=0.7960 (ep 14)
    ep  25/40  task=0.9108  feat=1242470.8733  val=0.7786  best_so_far=0.7960 (ep 14)
    ep  30/40  task=0.8769  feat=1242354.7353  val=0.7795  best_so_far=0.7960 (ep 14)
    ep  35/40  task=0.8712  feat=1242247.7358  val=0.7885  best_so_far=0.7960 (ep 14)
    ep  40/40  task=0.8568  feat=1242158.5843  val=0.7876  best_so_far=0.7960 (ep 14)
    ep   1/40  task=1.6644  feat=1242701.6252  val=0.6857  best_so_far=0.6857 (ep 1)
    ep   5/40  task=1.0965  feat=1242694.3155  val=0.7387  best_so_far=0.7571 (ep 4)
    ep  10/40  task=0.9520  feat=1242676.0619  val=0.7809  best_so_far=0.7809 (ep 10)
    ep  15/40  task=0.9271  feat=1242616.2618  val=0.7700  best_so_far=0.7809 (ep 10)
    ep  20/40  task=0.8999  feat=1242496.5046  val=0.7807  best_so_far=0.7866 (ep 19)
    ep  25/40  task=0.8799  feat=1242354.3550  val=0.7678  best_so_far=0.7869 (ep 23)
    ep  30/40  task=0.8711  feat=1242227.2105  val=0.7785  best_so_far=0.7893 (ep 28)
    ep  35/40  task=0.8559  feat=1242117.9819  val=0.7219  best_so_far=0.7893 (ep 28)
    ep  40/40  task=0.8466  feat=1242029.7507  val=0.7870  best_so_far=0.7893 (ep 28)
    ep   1/40  task=1.8632  feat=1242701.5277  val=0.6499  best_so_far=0.6499 (ep 1)
    ep   5/40  task=1.2672  feat=1242697.7026  val=0.7432  best_so_far=0.7432 (ep 5)
    ep  10/40  task=1.0580  feat=1242687.1647  val=0.7484  best_so_far=0.7497 (ep 8)
    ep  15/40  task=0.9800  feat=1242661.0694  val=0.7704  best_so_far=0.7704 (ep 15)
    ep  20/40  task=0.9320  feat=1242603.5176  val=0.7809  best_so_far=0.7809 (ep 20)
    ep  25/40  task=0.9160  feat=1242516.8649  val=0.7789  best_so_far=0.7809 (ep 20)
    ep  30/40  task=0.8960  feat=1242417.3560  val=0.7846  best_so_far=0.7857 (ep 29)
    ep  35/40  task=0.9011  feat=1242322.0730  val=0.7770  best_so_far=0.7857 (ep 29)
    ep  40/40  task=0.8758  feat=1242232.0390  val=0.7783  best_so_far=0.7857 (ep 29)
    ep   1/40  task=1.7361  feat=1242701.6946  val=0.6615  best_so_far=0.6615 (ep 1)
    ep   5/40  task=1.2125  feat=1242696.6857  val=0.6988  best_so_far=0.7199 (ep 4)
    ep  10/40  task=1.0401  feat=1242686.7659  val=0.7569  best_so_far=0.7671 (ep 8)
    ep  15/40  task=0.9566  feat=1242660.9981  val=0.7673  best_so_far=0.7763 (ep 14)
    ep  20/40  task=0.9385  feat=1242602.5554  val=0.7740  best_so_far=0.7796 (ep 16)
    ep  25/40  task=0.9128  feat=1242512.1563  val=0.7635  best_so_far=0.7796 (ep 16)
    ep  30/40  task=0.8973  feat=1242406.9993  val=0.7824  best_so_far=0.7824 (ep 30)
    ep  35/40  task=0.8819  feat=1242305.1717  val=0.7865  best_so_far=0.7865 (ep 35)
    ep  40/40  task=0.8635  feat=1242217.3485  val=0.7548  best_so_far=0.7865 (ep 35)
    ep   1/40  task=1.9324  feat=1242701.3369  val=0.6467  best_so_far=0.6467 (ep 1)
    ep   5/40  task=1.3080  feat=1242698.0886  val=0.7281  best_so_far=0.7281 (ep 5)
    ep  10/40  task=1.0816  feat=1242690.4330  val=0.7504  best_so_far=0.7504 (ep 10)
    ep  15/40  task=0.9861  feat=1242672.4427  val=0.7586  best_so_far=0.7750 (ep 14)
    ep  20/40  task=0.9521  feat=1242630.7250  val=0.7802  best_so_far=0.7802 (ep 20)
    ep  25/40  task=0.9417  feat=1242559.5691  val=0.7766  best_so_far=0.7816 (ep 22)
    ep  30/40  task=0.9265  feat=1242466.0809  val=0.7729  best_so_far=0.7816 (ep 22)
    ep  35/40  task=0.8914  feat=1242369.5289  val=0.7696  best_so_far=0.7816 (ep 22)
    ep  40/40  task=0.8856  feat=1242278.7883  val=0.7739  best_so_far=0.7816 (ep 22)
   isic K=5 canal=False ε=0.5: 0.7878
    ep   1/40  task=1.7052  feat=317176.9817  val=0.6950  best_so_far=0.6950 (ep 1)
    ep   5/40  task=1.0408  feat=317174.3456  val=0.7664  best_so_far=0.7826 (ep 4)
    ep  10/40  task=0.9074  feat=317168.7934  val=0.7664  best_so_far=0.7855 (ep 6)
    ep  15/40  task=0.8668  feat=317153.2424  val=0.8009  best_so_far=0.8040 (ep 11)
    ep  20/40  task=0.8616  feat=317123.2684  val=0.7712  best_so_far=0.8040 (ep 11)
    ep  25/40  task=0.8376  feat=317089.5028  val=0.7958  best_so_far=0.8040 (ep 11)
    ep  30/40  task=0.8258  feat=317059.1178  val=0.8007  best_so_far=0.8040 (ep 11)
    ep  35/40  task=0.8178  feat=317033.2296  val=0.7955  best_so_far=0.8040 (ep 11)
    ep  40/40  task=0.8137  feat=317011.6198  val=0.7969  best_so_far=0.8040 (ep 11)
    ep   1/40  task=1.6491  feat=317176.9582  val=0.5468  best_so_far=0.5468 (ep 1)
    ep   5/40  task=1.0201  feat=317174.1411  val=0.7677  best_so_far=0.7677 (ep 5)
    ep  10/40  task=0.9012  feat=317167.0432  val=0.7993  best_so_far=0.7993 (ep 10)
    ep  15/40  task=0.8642  feat=317149.0108  val=0.7886  best_so_far=0.7993 (ep 10)
    ep  20/40  task=0.8466  feat=317118.9574  val=0.7685  best_so_far=0.7993 (ep 10)
    ep  25/40  task=0.8286  feat=317086.1785  val=0.7899  best_so_far=0.7993 (ep 10)
    ep  30/40  task=0.8229  feat=317056.7804  val=0.7963  best_so_far=0.7993 (ep 10)
    ep  35/40  task=0.8187  feat=317031.0504  val=0.7903  best_so_far=0.7993 (ep 10)
    ep  40/40  task=0.8126  feat=317010.9941  val=0.7757  best_so_far=0.7993 (ep 10)
    ep   1/40  task=1.8069  feat=317176.9014  val=0.6026  best_so_far=0.6026 (ep 1)
    ep   5/40  task=1.0892  feat=317174.8109  val=0.7568  best_so_far=0.7568 (ep 5)
    ep  10/40  task=0.9248  feat=317169.5901  val=0.7572  best_so_far=0.7798 (ep 9)
    ep  15/40  task=0.8793  feat=317154.8743  val=0.7794  best_so_far=0.7975 (ep 13)
    ep  20/40  task=0.8492  feat=317127.7738  val=0.7866  best_so_far=0.7975 (ep 13)
    ep  25/40  task=0.8482  feat=317096.6833  val=0.7942  best_so_far=0.7975 (ep 13)
    ep  30/40  task=0.8345  feat=317066.6107  val=0.7917  best_so_far=0.8013 (ep 27)
    ep  35/40  task=0.8335  feat=317040.8955  val=0.7862  best_so_far=0.8013 (ep 27)
    ep  40/40  task=0.8177  feat=317018.2741  val=0.7930  best_so_far=0.8013 (ep 27)
    ep   1/40  task=1.6410  feat=317176.9927  val=0.6935  best_so_far=0.6935 (ep 1)
    ep   5/40  task=1.0624  feat=317174.6112  val=0.7500  best_so_far=0.7500 (ep 5)
    ep  10/40  task=0.9221  feat=317168.6069  val=0.7644  best_so_far=0.7897 (ep 8)
    ep  15/40  task=0.8760  feat=317152.4999  val=0.7746  best_so_far=0.7897 (ep 8)
    ep  20/40  task=0.8686  feat=317123.1080  val=0.7933  best_so_far=0.7933 (ep 20)
    ep  25/40  task=0.8478  feat=317090.7159  val=0.7751  best_so_far=0.7933 (ep 20)
    ep  30/40  task=0.8348  feat=317061.2765  val=0.7892  best_so_far=0.7942 (ep 28)
    ep  35/40  task=0.8244  feat=317036.4601  val=0.7872  best_so_far=0.7942 (ep 28)
    ep  40/40  task=0.8119  feat=317015.9143  val=0.7561  best_so_far=0.7942 (ep 28)
    ep   1/40  task=1.8966  feat=317176.8542  val=0.6874  best_so_far=0.6874 (ep 1)
    ep   5/40  task=1.1788  feat=317175.3754  val=0.7428  best_so_far=0.7429 (ep 4)
    ep  10/40  task=0.9589  feat=317170.9714  val=0.7659  best_so_far=0.7859 (ep 9)
    ep  15/40  task=0.8942  feat=317158.6827  val=0.7848  best_so_far=0.7957 (ep 14)
    ep  20/40  task=0.8685  feat=317132.7890  val=0.7877  best_so_far=0.7957 (ep 14)
    ep  25/40  task=0.8710  feat=317100.4319  val=0.7882  best_so_far=0.7968 (ep 24)
    ep  30/40  task=0.8552  feat=317070.5784  val=0.7885  best_so_far=0.7968 (ep 24)
    ep  35/40  task=0.8344  feat=317044.1810  val=0.7789  best_so_far=0.7968 (ep 24)
    ep  40/40  task=0.8379  feat=317022.4163  val=0.7727  best_so_far=0.7968 (ep 24)
   isic K=5 canal=False ε=1.0: 0.7991
    ep   1/40  task=1.7112  feat=633136.0462  val=0.7037  best_so_far=0.7037 (ep 1)
    ep   5/40  task=1.0820  feat=633131.7814  val=0.7448  best_so_far=0.7609 (ep 4)
    ep  10/40  task=0.9409  feat=633123.7281  val=0.7727  best_so_far=0.7832 (ep 6)
    ep  15/40  task=0.9016  feat=633102.7889  val=0.7850  best_so_far=0.7990 (ep 14)
    ep  20/40  task=0.8891  feat=633058.1684  val=0.7642  best_so_far=0.7990 (ep 14)
    ep  25/40  task=0.8699  feat=632997.6192  val=0.7836  best_so_far=0.7990 (ep 14)
    ep  30/40  task=0.8470  feat=632939.1753  val=0.7906  best_so_far=0.7990 (ep 14)
    ep  35/40  task=0.8410  feat=632886.7144  val=0.7899  best_so_far=0.7990 (ep 14)
    ep  40/40  task=0.8315  feat=632844.9174  val=0.7767  best_so_far=0.7990 (ep 14)
    ep   1/40  task=1.6740  feat=633136.1246  val=0.6651  best_so_far=0.6651 (ep 1)
    ep   5/40  task=1.1030  feat=633131.9150  val=0.7462  best_so_far=0.7462 (ep 5)
    ep  10/40  task=0.9489  feat=633122.8519  val=0.7745  best_so_far=0.7745 (ep 10)
    ep  15/40  task=0.9062  feat=633095.8625  val=0.7701  best_so_far=0.7925 (ep 14)
    ep  20/40  task=0.8880  feat=633041.3345  val=0.7832  best_so_far=0.7925 (ep 14)
    ep  25/40  task=0.8607  feat=632975.9053  val=0.7759  best_so_far=0.7925 (ep 14)
    ep  30/40  task=0.8562  feat=632916.3158  val=0.7784  best_so_far=0.7931 (ep 29)
    ep  35/40  task=0.8499  feat=632863.4228  val=0.7866  best_so_far=0.7931 (ep 29)
    ep  40/40  task=0.8331  feat=632822.0037  val=0.7852  best_so_far=0.7931 (ep 29)
    ep   1/40  task=1.8044  feat=633135.9373  val=0.6553  best_so_far=0.6553 (ep 1)
    ep   5/40  task=1.1886  feat=633133.1090  val=0.7480  best_so_far=0.7480 (ep 5)
    ep  10/40  task=1.0053  feat=633126.6258  val=0.7601  best_so_far=0.7777 (ep 9)
    ep  15/40  task=0.9184  feat=633111.1187  val=0.7617  best_so_far=0.7777 (ep 9)
    ep  20/40  task=0.8796  feat=633077.7142  val=0.7763  best_so_far=0.7910 (ep 16)
    ep  25/40  task=0.8795  feat=633028.5205  val=0.7574  best_so_far=0.7910 (ep 16)
    ep  30/40  task=0.8624  feat=632973.6783  val=0.7760  best_so_far=0.7910 (ep 16)
    ep  35/40  task=0.8615  feat=632924.5335  val=0.7919  best_so_far=0.7919 (ep 35)
    ep  40/40  task=0.8534  feat=632880.9582  val=0.7783  best_so_far=0.7919 (ep 35)
    ep   1/40  task=1.6514  feat=633136.0784  val=0.6767  best_so_far=0.6767 (ep 1)
    ep   5/40  task=1.1044  feat=633131.8796  val=0.7366  best_so_far=0.7366 (ep 5)
    ep  10/40  task=0.9365  feat=633122.3731  val=0.7713  best_so_far=0.7847 (ep 7)
    ep  15/40  task=0.9004  feat=633095.3644  val=0.7957  best_so_far=0.7957 (ep 15)
    ep  20/40  task=0.8850  feat=633040.8768  val=0.7579  best_so_far=0.7957 (ep 15)
    ep  25/40  task=0.8682  feat=632974.5372  val=0.7860  best_so_far=0.7957 (ep 15)
    ep  30/40  task=0.8602  feat=632910.7882  val=0.7915  best_so_far=0.7963 (ep 26)
    ep  35/40  task=0.8454  feat=632857.6415  val=0.7859  best_so_far=0.7963 (ep 26)
    ep  40/40  task=0.8356  feat=632814.5000  val=0.7794  best_so_far=0.7963 (ep 26)
    ep   1/40  task=1.9073  feat=633135.9521  val=0.6671  best_so_far=0.6671 (ep 1)
    ep   5/40  task=1.1666  feat=633132.4532  val=0.7719  best_so_far=0.7719 (ep 5)
    ep  10/40  task=0.9816  feat=633125.0060  val=0.7627  best_so_far=0.7719 (ep 5)
    ep  15/40  task=0.9168  feat=633106.8656  val=0.7780  best_so_far=0.7893 (ep 12)
    ep  20/40  task=0.8891  feat=633069.1332  val=0.7883  best_so_far=0.7893 (ep 12)
    ep  25/40  task=0.8949  feat=633014.9082  val=0.7903  best_so_far=0.7903 (ep 25)
    ep  30/40  task=0.8854  feat=632958.7400  val=0.7610  best_so_far=0.7906 (ep 27)
    ep  35/40  task=0.8517  feat=632908.2988  val=0.6487  best_so_far=0.7906 (ep 27)
    ep  40/40  task=0.8501  feat=632865.0002  val=0.7756  best_so_far=0.7906 (ep 27)
   isic K=5 canal=True ε=0.5: 0.7942
    ep   1/40  task=1.6624  feat=161596.6067  val=0.7120  best_so_far=0.7120 (ep 1)
    ep   5/40  task=0.9681  feat=161594.8122  val=0.7874  best_so_far=0.7874 (ep 5)
    ep  10/40  task=0.8636  feat=161590.9209  val=0.7962  best_so_far=0.7962 (ep 10)
    ep  15/40  task=0.8279  feat=161580.5788  val=0.7957  best_so_far=0.8151 (ep 14)
    ep  20/40  task=0.8097  feat=161563.7658  val=0.8140  best_so_far=0.8151 (ep 14)
    ep  25/40  task=0.8075  feat=161545.9638  val=0.7892  best_so_far=0.8151 (ep 14)
    ep  30/40  task=0.7883  feat=161530.9028  val=0.8064  best_so_far=0.8151 (ep 14)
    ep  35/40  task=0.7840  feat=161517.6378  val=0.8069  best_so_far=0.8151 (ep 14)
    ep  40/40  task=0.7804  feat=161507.5205  val=0.8087  best_so_far=0.8151 (ep 14)
    ep   1/40  task=1.6424  feat=161596.5963  val=0.6205  best_so_far=0.6205 (ep 1)
    ep   5/40  task=0.9720  feat=161594.7787  val=0.7578  best_so_far=0.7578 (ep 5)
    ep  10/40  task=0.8472  feat=161590.1275  val=0.7547  best_so_far=0.7985 (ep 7)
    ep  15/40  task=0.8383  feat=161577.2163  val=0.7656  best_so_far=0.7985 (ep 7)
    ep  20/40  task=0.8139  feat=161557.4098  val=0.7566  best_so_far=0.7985 (ep 7)
    ep  25/40  task=0.7997  feat=161538.8634  val=0.7969  best_so_far=0.7985 (ep 7)
    ep  30/40  task=0.7990  feat=161523.1063  val=0.7921  best_so_far=0.8081 (ep 27)
    ep  35/40  task=0.7878  feat=161510.0719  val=0.7686  best_so_far=0.8081 (ep 27)
    ep  40/40  task=0.7817  feat=161499.4992  val=0.8000  best_so_far=0.8081 (ep 27)
    ep   1/40  task=1.7301  feat=161596.5479  val=0.6542  best_so_far=0.6542 (ep 1)
    ep   5/40  task=1.0268  feat=161595.0793  val=0.7850  best_so_far=0.7850 (ep 5)
    ep  10/40  task=0.8939  feat=161591.9017  val=0.7847  best_so_far=0.7950 (ep 9)
    ep  15/40  task=0.8339  feat=161584.9840  val=0.7931  best_so_far=0.8049 (ep 13)
    ep  20/40  task=0.8123  feat=161572.7078  val=0.7991  best_so_far=0.8097 (ep 16)
    ep  25/40  task=0.8055  feat=161559.1373  val=0.8096  best_so_far=0.8097 (ep 16)
    ep  30/40  task=0.7970  feat=161545.6976  val=0.7936  best_so_far=0.8097 (ep 16)
    ep  35/40  task=0.7907  feat=161534.2464  val=0.8041  best_so_far=0.8097 (ep 16)
    ep  40/40  task=0.7803  feat=161523.8183  val=0.8061  best_so_far=0.8097 (ep 16)
    ep   1/40  task=1.5863  feat=161596.5653  val=0.6969  best_so_far=0.6969 (ep 1)
    ep   5/40  task=0.9905  feat=161595.0160  val=0.7510  best_so_far=0.7708 (ep 4)
    ep  10/40  task=0.8719  feat=161591.2255  val=0.8038  best_so_far=0.8038 (ep 10)
    ep  15/40  task=0.8348  feat=161581.4719  val=0.7931  best_so_far=0.8038 (ep 10)
    ep  20/40  task=0.8270  feat=161565.4083  val=0.8062  best_so_far=0.8063 (ep 16)
    ep  25/40  task=0.8038  feat=161548.5014  val=0.7934  best_so_far=0.8063 (ep 16)
    ep  30/40  task=0.7994  feat=161533.5465  val=0.7926  best_so_far=0.8063 (ep 16)
    ep  35/40  task=0.7886  feat=161520.7392  val=0.8027  best_so_far=0.8071 (ep 32)
    ep  40/40  task=0.7843  feat=161509.9594  val=0.8008  best_so_far=0.8071 (ep 32)
    ep   1/40  task=1.8857  feat=161596.5018  val=0.6680  best_so_far=0.6680 (ep 1)
    ep   5/40  task=1.1364  feat=161595.5033  val=0.7466  best_so_far=0.7466 (ep 5)
    ep  10/40  task=0.9136  feat=161592.8982  val=0.7633  best_so_far=0.7916 (ep 8)
    ep  15/40  task=0.8565  feat=161586.2554  val=0.7939  best_so_far=0.8009 (ep 13)
    ep  20/40  task=0.8362  feat=161572.3922  val=0.7818  best_so_far=0.8077 (ep 17)
    ep  25/40  task=0.8342  feat=161554.8184  val=0.8068  best_so_far=0.8077 (ep 17)
    ep  30/40  task=0.8265  feat=161539.4701  val=0.7915  best_so_far=0.8077 (ep 17)
    ep  35/40  task=0.8098  feat=161525.7741  val=0.8018  best_so_far=0.8077 (ep 17)
    ep  40/40  task=0.8076  feat=161514.4133  val=0.7937  best_so_far=0.8077 (ep 17)
   isic K=5 canal=True ε=1.0: 0.8095
    ep   1/40  task=1.6516  feat=338694.6446  val=0.7188  best_so_far=0.7188 (ep 1)
    ep   5/40  task=1.0237  feat=338691.6718  val=0.7616  best_so_far=0.7674 (ep 4)
    ep  10/40  task=0.8990  feat=338684.3232  val=0.7867  best_so_far=0.7959 (ep 6)
    ep  15/40  task=0.8614  feat=338664.2753  val=0.7948  best_so_far=0.7999 (ep 14)
    ep  20/40  task=0.8389  feat=338631.2165  val=0.7816  best_so_far=0.7999 (ep 14)
    ep  25/40  task=0.8392  feat=338596.3875  val=0.8018  best_so_far=0.8018 (ep 25)
    ep  30/40  task=0.8132  feat=338566.6921  val=0.7937  best_so_far=0.8018 (ep 25)
    ep  35/40  task=0.8140  feat=338541.4869  val=0.7887  best_so_far=0.8018 (ep 25)
    ep  40/40  task=0.8091  feat=338521.6951  val=0.7907  best_so_far=0.8018 (ep 25)
    ep   1/40  task=1.6876  feat=338694.6083  val=0.5666  best_so_far=0.5666 (ep 1)
    ep   5/40  task=1.0494  feat=338691.7150  val=0.7245  best_so_far=0.7576 (ep 4)
    ep  10/40  task=0.8958  feat=338684.2240  val=0.7987  best_so_far=0.7987 (ep 10)
    ep  15/40  task=0.8664  feat=338662.7994  val=0.7616  best_so_far=0.7987 (ep 10)
    ep  20/40  task=0.8362  feat=338627.4902  val=0.7811  best_so_far=0.7987 (ep 10)
    ep  25/40  task=0.8209  feat=338590.9740  val=0.7111  best_so_far=0.8018 (ep 23)
    ep  30/40  task=0.8203  feat=338560.2996  val=0.7837  best_so_far=0.8018 (ep 23)
    ep  35/40  task=0.8069  feat=338534.6753  val=0.7767  best_so_far=0.8018 (ep 23)
    ep  40/40  task=0.7998  feat=338514.6820  val=0.7666  best_so_far=0.8018 (ep 23)
    ep   1/40  task=1.7039  feat=338694.5699  val=0.6703  best_so_far=0.6703 (ep 1)
    ep   5/40  task=1.0566  feat=338692.2455  val=0.7714  best_so_far=0.7714 (ep 5)
    ep  10/40  task=0.9314  feat=338686.9391  val=0.7730  best_so_far=0.7824 (ep 6)
    ep  15/40  task=0.8811  feat=338672.8580  val=0.7793  best_so_far=0.7974 (ep 14)
    ep  20/40  task=0.8564  feat=338647.3633  val=0.7853  best_so_far=0.8047 (ep 16)
    ep  25/40  task=0.8423  feat=338616.8401  val=0.7930  best_so_far=0.8047 (ep 16)
    ep  30/40  task=0.8275  feat=338588.3658  val=0.7733  best_so_far=0.8047 (ep 16)
    ep  35/40  task=0.8335  feat=338563.5373  val=0.7999  best_so_far=0.8047 (ep 16)
    ep  40/40  task=0.8121  feat=338543.1711  val=0.8005  best_so_far=0.8047 (ep 16)
    ep   1/40  task=1.6584  feat=338694.7209  val=0.6704  best_so_far=0.6704 (ep 1)
    ep   5/40  task=1.0423  feat=338691.9888  val=0.7297  best_so_far=0.7720 (ep 4)
    ep  10/40  task=0.8995  feat=338685.5191  val=0.7827  best_so_far=0.7827 (ep 10)
    ep  15/40  task=0.8638  feat=338666.4518  val=0.7791  best_so_far=0.7936 (ep 13)
    ep  20/40  task=0.8610  feat=338632.7954  val=0.7177  best_so_far=0.7936 (ep 13)
    ep  25/40  task=0.8340  feat=338595.7167  val=0.7908  best_so_far=0.7954 (ep 21)
    ep  30/40  task=0.8387  feat=338564.1498  val=0.7942  best_so_far=0.7954 (ep 21)
    ep  35/40  task=0.8252  feat=338537.5070  val=0.7641  best_so_far=0.7954 (ep 21)
    ep  40/40  task=0.8138  feat=338516.2795  val=0.7791  best_so_far=0.7954 (ep 21)
    ep   1/40  task=1.9058  feat=338694.6260  val=0.6498  best_so_far=0.6498 (ep 1)
    ep   5/40  task=1.1357  feat=338692.5713  val=0.7625  best_so_far=0.7625 (ep 5)
    ep  10/40  task=0.9312  feat=338688.0031  val=0.7601  best_so_far=0.7687 (ep 8)
    ep  15/40  task=0.8805  feat=338676.7269  val=0.7652  best_so_far=0.7929 (ep 12)
    ep  20/40  task=0.8713  feat=338654.9089  val=0.7831  best_so_far=0.7997 (ep 19)
    ep  25/40  task=0.8572  feat=338626.4585  val=0.7848  best_so_far=0.8035 (ep 22)
    ep  30/40  task=0.8461  feat=338599.1068  val=0.7912  best_so_far=0.8035 (ep 22)
    ep  35/40  task=0.8197  feat=338574.6408  val=0.8013  best_so_far=0.8035 (ep 22)
    ep  40/40  task=0.8217  feat=338553.8030  val=0.7871  best_so_far=0.8035 (ep 22)
   isic K=10 canal=False ε=0.5: 0.8014
    ep   1/40  task=1.6283  feat=86445.8205  val=0.7266  best_so_far=0.7266 (ep 1)
    ep   5/40  task=0.9376  feat=86444.5718  val=0.7768  best_so_far=0.7768 (ep 5)
    ep  10/40  task=0.8262  feat=86442.1189  val=0.7998  best_so_far=0.8109 (ep 6)
    ep  15/40  task=0.7943  feat=86436.3753  val=0.8093  best_so_far=0.8185 (ep 11)
    ep  20/40  task=0.7752  feat=86427.7520  val=0.8063  best_so_far=0.8185 (ep 11)
    ep  25/40  task=0.7704  feat=86419.0796  val=0.7839  best_so_far=0.8185 (ep 11)
    ep  30/40  task=0.7564  feat=86411.7846  val=0.8173  best_so_far=0.8185 (ep 11)
    ep  35/40  task=0.7461  feat=86405.7149  val=0.8084  best_so_far=0.8185 (ep 11)
    ep  40/40  task=0.7467  feat=86400.3894  val=0.8043  best_so_far=0.8185 (ep 11)
    ep   1/40  task=1.6166  feat=86445.7712  val=0.6100  best_so_far=0.6100 (ep 1)
    ep   5/40  task=0.9598  feat=86444.6713  val=0.6583  best_so_far=0.7672 (ep 2)
    ep  10/40  task=0.8372  feat=86442.0976  val=0.6650  best_so_far=0.8071 (ep 7)
    ep  15/40  task=0.8053  feat=86435.7336  val=0.7305  best_so_far=0.8071 (ep 7)
    ep  20/40  task=0.7809  feat=86425.9970  val=0.8169  best_so_far=0.8169 (ep 20)
    ep  25/40  task=0.7710  feat=86416.7846  val=0.7767  best_so_far=0.8169 (ep 20)
    ep  30/40  task=0.7742  feat=86409.2451  val=0.7991  best_so_far=0.8169 (ep 20)
    ep  35/40  task=0.7633  feat=86402.6063  val=0.8043  best_so_far=0.8169 (ep 20)
    ep  40/40  task=0.7622  feat=86397.4411  val=0.8026  best_so_far=0.8169 (ep 20)
    ep   1/40  task=1.7171  feat=86445.7335  val=0.6624  best_so_far=0.6624 (ep 1)
    ep   5/40  task=0.9797  feat=86444.7951  val=0.8054  best_so_far=0.8054 (ep 5)
    ep  10/40  task=0.8615  feat=86442.7330  val=0.7577  best_so_far=0.8054 (ep 5)
    ep  15/40  task=0.8053  feat=86437.8838  val=0.7919  best_so_far=0.8069 (ep 13)
    ep  20/40  task=0.7834  feat=86430.1281  val=0.8065  best_so_far=0.8143 (ep 16)
    ep  25/40  task=0.7711  feat=86422.1918  val=0.8044  best_so_far=0.8143 (ep 16)
    ep  30/40  task=0.7677  feat=86414.8389  val=0.7982  best_so_far=0.8143 (ep 16)
    ep  35/40  task=0.7652  feat=86408.7649  val=0.8110  best_so_far=0.8143 (ep 16)
    ep  40/40  task=0.7561  feat=86403.6220  val=0.8056  best_so_far=0.8143 (ep 16)
    ep   1/40  task=1.6017  feat=86445.7579  val=0.7301  best_so_far=0.7301 (ep 1)
    ep   5/40  task=0.9646  feat=86444.7763  val=0.7752  best_so_far=0.7885 (ep 4)
    ep  10/40  task=0.8399  feat=86442.6478  val=0.8011  best_so_far=0.8011 (ep 10)
    ep  15/40  task=0.7965  feat=86437.3157  val=0.7850  best_so_far=0.8122 (ep 11)
    ep  20/40  task=0.7904  feat=86428.9563  val=0.8107  best_so_far=0.8122 (ep 11)
    ep  25/40  task=0.7763  feat=86420.3465  val=0.8105  best_so_far=0.8141 (ep 24)
    ep  30/40  task=0.7685  feat=86412.8157  val=0.8119  best_so_far=0.8141 (ep 24)
    ep  35/40  task=0.7637  feat=86406.4058  val=0.8108  best_so_far=0.8157 (ep 34)
    ep  40/40  task=0.7635  feat=86401.3800  val=0.7864  best_so_far=0.8157 (ep 34)
    ep   1/40  task=1.8675  feat=86445.7139  val=0.6702  best_so_far=0.6702 (ep 1)
    ep   5/40  task=1.0028  feat=86444.8429  val=0.7831  best_so_far=0.7831 (ep 5)
    ep  10/40  task=0.8524  feat=86442.8178  val=0.7723  best_so_far=0.7947 (ep 6)
    ep  15/40  task=0.7980  feat=86437.6788  val=0.7798  best_so_far=0.8085 (ep 14)
    ep  20/40  task=0.7810  feat=86429.3604  val=0.8112  best_so_far=0.8133 (ep 18)
    ep  25/40  task=0.7731  feat=86420.2259  val=0.8154  best_so_far=0.8167 (ep 23)
    ep  30/40  task=0.7667  feat=86412.6027  val=0.7855  best_so_far=0.8167 (ep 23)
    ep  35/40  task=0.7474  feat=86406.0020  val=0.8184  best_so_far=0.8184 (ep 35)
    ep  40/40  task=0.7507  feat=86400.2186  val=0.8116  best_so_far=0.8188 (ep 36)
   isic K=10 canal=False ε=1.0: 0.8168
    ep   1/40  task=1.6587  feat=172107.1505  val=0.7101  best_so_far=0.7101 (ep 1)
    ep   5/40  task=0.9878  feat=172105.2541  val=0.7664  best_so_far=0.7664 (ep 5)
    ep  10/40  task=0.8806  feat=172101.4330  val=0.8032  best_so_far=0.8032 (ep 10)
    ep  15/40  task=0.8410  feat=172091.8814  val=0.7748  best_so_far=0.8068 (ep 11)
    ep  20/40  task=0.8193  feat=172076.3176  val=0.7921  best_so_far=0.8068 (ep 11)
    ep  25/40  task=0.8172  feat=172059.8316  val=0.8008  best_so_far=0.8096 (ep 21)
    ep  30/40  task=0.7932  feat=172045.8884  val=0.8027  best_so_far=0.8096 (ep 21)
    ep  35/40  task=0.7932  feat=172033.3694  val=0.8001  best_so_far=0.8096 (ep 21)
    ep  40/40  task=0.7895  feat=172023.7766  val=0.8011  best_so_far=0.8096 (ep 21)
    ep   1/40  task=1.6269  feat=172107.2085  val=0.6128  best_so_far=0.6128 (ep 1)
    ep   5/40  task=0.9759  feat=172105.3108  val=0.7091  best_so_far=0.7800 (ep 3)
    ep  10/40  task=0.8564  feat=172100.8223  val=0.7863  best_so_far=0.7863 (ep 10)
    ep  15/40  task=0.8287  feat=172088.4673  val=0.7860  best_so_far=0.8104 (ep 12)
    ep  20/40  task=0.8148  feat=172068.9144  val=0.7721  best_so_far=0.8104 (ep 12)
    ep  25/40  task=0.8019  feat=172049.9141  val=0.7443  best_so_far=0.8104 (ep 12)
    ep  30/40  task=0.7954  feat=172034.0751  val=0.7852  best_so_far=0.8104 (ep 12)
    ep  35/40  task=0.7908  feat=172021.0576  val=0.8023  best_so_far=0.8104 (ep 12)
    ep  40/40  task=0.7846  feat=172010.3555  val=0.8089  best_so_far=0.8104 (ep 12)
    ep   1/40  task=1.7286  feat=172107.1505  val=0.6868  best_so_far=0.6868 (ep 1)
    ep   5/40  task=1.0092  feat=172105.5258  val=0.7823  best_so_far=0.7823 (ep 5)
    ep  10/40  task=0.8847  feat=172101.9540  val=0.6075  best_so_far=0.8004 (ep 9)
    ep  15/40  task=0.8427  feat=172092.8832  val=0.7907  best_so_far=0.8004 (ep 9)
    ep  20/40  task=0.8227  feat=172077.3046  val=0.7993  best_so_far=0.8101 (ep 16)
    ep  25/40  task=0.8110  feat=172060.5118  val=0.7899  best_so_far=0.8101 (ep 16)
    ep  30/40  task=0.7996  feat=172045.4323  val=0.7370  best_so_far=0.8101 (ep 16)
    ep  35/40  task=0.7972  feat=172033.2104  val=0.8052  best_so_far=0.8101 (ep 16)
    ep  40/40  task=0.7884  feat=172022.6765  val=0.7745  best_so_far=0.8101 (ep 16)
    ep   1/40  task=1.6518  feat=172107.1552  val=0.6837  best_so_far=0.6837 (ep 1)
    ep   5/40  task=1.0218  feat=172105.6222  val=0.7473  best_so_far=0.7595 (ep 4)
    ep  10/40  task=0.8828  feat=172102.0670  val=0.7961  best_so_far=0.7961 (ep 10)
    ep  15/40  task=0.8284  feat=172093.3606  val=0.7875  best_so_far=0.7990 (ep 13)
    ep  20/40  task=0.8416  feat=172077.9918  val=0.8029  best_so_far=0.8029 (ep 20)
    ep  25/40  task=0.8121  feat=172060.5882  val=0.7983  best_so_far=0.8029 (ep 20)
    ep  30/40  task=0.8223  feat=172045.1059  val=0.7960  best_so_far=0.8032 (ep 28)
    ep  35/40  task=0.8064  feat=172032.4181  val=0.8020  best_so_far=0.8082 (ep 32)
    ep  40/40  task=0.7895  feat=172021.9085  val=0.8015  best_so_far=0.8082 (ep 32)
    ep   1/40  task=1.8735  feat=172107.1224  val=0.6811  best_so_far=0.6811 (ep 1)
    ep   5/40  task=1.1104  feat=172105.9745  val=0.7131  best_so_far=0.7229 (ep 3)
    ep  10/40  task=0.9114  feat=172103.3736  val=0.7564  best_so_far=0.7619 (ep 6)
    ep  15/40  task=0.8602  feat=172097.1059  val=0.7850  best_so_far=0.7965 (ep 13)
    ep  20/40  task=0.8369  feat=172084.4023  val=0.8041  best_so_far=0.8071 (ep 17)
    ep  25/40  task=0.8273  feat=172068.0705  val=0.7983  best_so_far=0.8071 (ep 17)
    ep  30/40  task=0.8189  feat=172052.5394  val=0.7978  best_so_far=0.8071 (ep 17)
    ep  35/40  task=0.7956  feat=172038.8373  val=0.8057  best_so_far=0.8075 (ep 33)
    ep  40/40  task=0.7992  feat=172027.4441  val=0.7951  best_so_far=0.8075 (ep 33)
   isic K=10 canal=True ε=0.5: 0.8092
    ep   1/40  task=1.5974  feat=43927.3666  val=0.7243  best_so_far=0.7243 (ep 1)
    ep   5/40  task=0.9428  feat=43926.6598  val=0.7967  best_so_far=0.7967 (ep 5)
    ep  10/40  task=0.8220  feat=43925.3111  val=0.7989  best_so_far=0.8069 (ep 7)
    ep  15/40  task=0.7709  feat=43922.2048  val=0.8053  best_so_far=0.8170 (ep 14)
    ep  20/40  task=0.7560  feat=43917.6186  val=0.8155  best_so_far=0.8170 (ep 14)
    ep  25/40  task=0.7429  feat=43913.2049  val=0.8172  best_so_far=0.8195 (ep 24)
    ep  30/40  task=0.7291  feat=43909.3357  val=0.8196  best_so_far=0.8196 (ep 30)
    ep  35/40  task=0.7288  feat=43906.1487  val=0.8200  best_so_far=0.8217 (ep 32)
    ep  40/40  task=0.7241  feat=43903.3623  val=0.8101  best_so_far=0.8258 (ep 37)
    ep   1/40  task=1.6005  feat=43927.3472  val=0.7246  best_so_far=0.7246 (ep 1)
    ep   5/40  task=0.9048  feat=43926.6359  val=0.7245  best_so_far=0.7680 (ep 4)
    ep  10/40  task=0.7908  feat=43925.1573  val=0.8060  best_so_far=0.8217 (ep 9)
    ep  15/40  task=0.7727  feat=43921.5918  val=0.7922  best_so_far=0.8217 (ep 9)
    ep  20/40  task=0.7486  feat=43916.5463  val=0.8233  best_so_far=0.8233 (ep 20)
    ep  25/40  task=0.7340  feat=43911.7332  val=0.8057  best_so_far=0.8233 (ep 20)
    ep  30/40  task=0.7348  feat=43907.6536  val=0.7426  best_so_far=0.8233 (ep 20)
    ep  35/40  task=0.7282  feat=43904.1787  val=0.8087  best_so_far=0.8233 (ep 20)
    ep  40/40  task=0.7246  feat=43901.3590  val=0.7835  best_so_far=0.8233 (ep 20)
    ep   1/40  task=1.6709  feat=43927.3382  val=0.6688  best_so_far=0.6688 (ep 1)
    ep   5/40  task=0.9342  feat=43926.7303  val=0.8137  best_so_far=0.8137 (ep 5)
    ep  10/40  task=0.8230  feat=43925.6694  val=0.7614  best_so_far=0.8137 (ep 5)
    ep  15/40  task=0.7733  feat=43923.4628  val=0.8054  best_so_far=0.8137 (ep 5)
    ep  20/40  task=0.7518  feat=43919.7757  val=0.8033  best_so_far=0.8170 (ep 19)
    ep  25/40  task=0.7515  feat=43915.9625  val=0.8165  best_so_far=0.8170 (ep 19)
    ep  30/40  task=0.7395  feat=43912.3499  val=0.8077  best_so_far=0.8227 (ep 26)
    ep  35/40  task=0.7380  feat=43909.1945  val=0.7873  best_so_far=0.8227 (ep 26)
    ep  40/40  task=0.7327  feat=43906.5564  val=0.8111  best_so_far=0.8227 (ep 26)
    ep   1/40  task=1.5759  feat=43927.3287  val=0.7006  best_so_far=0.7006 (ep 1)
    ep   5/40  task=0.9526  feat=43926.7355  val=0.7860  best_so_far=0.7928 (ep 4)
    ep  10/40  task=0.8158  feat=43925.4808  val=0.8147  best_so_far=0.8187 (ep 6)
    ep  15/40  task=0.7678  feat=43922.7607  val=0.8090  best_so_far=0.8216 (ep 13)
    ep  20/40  task=0.7477  feat=43918.6194  val=0.8257  best_so_far=0.8257 (ep 20)
    ep  25/40  task=0.7240  feat=43914.2517  val=0.8230  best_so_far=0.8257 (ep 20)
    ep  30/40  task=0.7211  feat=43910.4382  val=0.8198  best_so_far=0.8262 (ep 26)
    ep  35/40  task=0.7137  feat=43907.2233  val=0.7797  best_so_far=0.8262 (ep 26)
    ep  40/40  task=0.7088  feat=43904.4062  val=0.8214  best_so_far=0.8262 (ep 26)
    ep   1/40  task=1.8225  feat=43927.3331  val=0.6722  best_so_far=0.6722 (ep 1)
    ep   5/40  task=1.0006  feat=43926.8083  val=0.7764  best_so_far=0.7764 (ep 5)
    ep  10/40  task=0.8233  feat=43925.7548  val=0.8048  best_so_far=0.8201 (ep 8)
    ep  15/40  task=0.7742  feat=43923.3561  val=0.8091  best_so_far=0.8201 (ep 8)
    ep  20/40  task=0.7548  feat=43919.2929  val=0.8174  best_so_far=0.8201 (ep 8)
    ep  25/40  task=0.7514  feat=43914.9348  val=0.7281  best_so_far=0.8234 (ep 22)
    ep  30/40  task=0.7351  feat=43911.0507  val=0.8032  best_so_far=0.8234 (ep 22)
    ep  35/40  task=0.7205  feat=43907.5480  val=0.8263  best_so_far=0.8263 (ep 35)
    ep  40/40  task=0.7278  feat=43904.8048  val=0.8247  best_so_far=0.8263 (ep 35)
   isic K=10 canal=True ε=1.0: 0.8248

saved /home/ialam/DPKD-medical/phase1_distillation/results/isic_canal_small_eps_results.json

Summary:
  K=5 ε=0.5: uniform=0.7878  CANAL=0.7942  diff=+0.0064
  K=5 ε=1.0: uniform=0.7991  CANAL=0.8095  diff=+0.0104
  K=10 ε=0.5: uniform=0.8014  CANAL=0.8092  diff=+0.0077
  K=10 ε=1.0: uniform=0.8168  CANAL=0.8248  diff=+0.0080
==========================================
Done: Sun Jun 21 05:27:33 CDT 2026
==========================================
Results saved to:
  results/isic_canal_small_eps_results.json
