[kvasir] device=cuda in_ch=3  train=800 val=200  ε=[2.0] seeds=[100, 200, 300, 400, 500]  K=(3,)
  teacher 1/3 on patients [0, 1, 2, 3, 4, 5, 6, 7, 8, 9, 10, 11, 12, 13, 14, 15, 16, 17, 18, 19, 20, 21, 22, 23, 24, 25, 26, 27, 28, 29, 30, 31, 32, 33, 34, 35, 36, 37, 38, 39, 40, 41, 42, 43, 44, 45, 46, 47, 48, 49, 50, 51, 52, 53, 54, 55, 56, 57, 58, 59, 60, 61, 62, 63, 64, 65, 66, 67, 68, 69, 70, 71, 72, 73, 74, 75, 76, 77, 78, 79, 80, 81, 82, 83, 84, 85, 86, 87, 88, 89, 90, 91, 92, 93, 94, 95, 96, 97, 98, 99, 100, 101, 102, 103, 104, 105, 106, 107, 108, 109, 110, 111, 112, 113, 114, 115, 116, 117, 118, 119, 120, 121, 122, 123, 124, 125, 126, 127, 128, 129, 130, 131, 132, 133, 134, 135, 136, 137, 138, 139, 140, 141, 142, 143, 144, 145, 146, 147, 148, 149, 150, 151, 152, 153, 154, 155, 156, 157, 158, 159, 160, 161, 162, 163, 164, 165, 166, 167, 168, 169, 170, 171, 172, 173, 174, 175, 176, 177, 178, 179, 180, 181, 182, 183, 184, 185, 186, 187, 188, 189, 190, 191, 192, 193, 194, 195, 196, 197, 198, 199, 200, 201, 202, 203, 204, 205, 206, 207, 208, 209, 210, 211, 212, 213, 214, 215, 216, 217, 218, 219, 220, 221, 222, 223, 224, 225, 226, 227, 228, 229, 230, 231, 232, 233, 234, 235, 236, 237, 238, 239, 240, 241, 242, 243, 244, 245, 246, 247, 248, 249, 250, 251, 252, 253, 254, 255, 256, 257, 258, 259, 260, 261, 262, 263, 264, 265, 266]...
  ep   1/60 loss=2.6155
  ep  10/60 loss=1.9210
  ep  20/60 loss=1.5395
  ep  30/60 loss=1.2254
  ep  40/60 loss=0.8220
  ep  50/60 loss=0.6539
  ep  60/60 loss=0.4372
  teacher 2/3 on patients [267, 268, 269, 270, 271, 272, 273, 274, 275, 276, 277, 278, 279, 280, 281, 282, 283, 284, 285, 286, 287, 288, 289, 290, 291, 292, 293, 294, 295, 296, 297, 298, 299, 300, 301, 302, 303, 304, 305, 306, 307, 308, 309, 310, 311, 312, 313, 314, 315, 316, 317, 318, 319, 320, 321, 322, 323, 324, 325, 326, 327, 328, 329, 330, 331, 332, 333, 334, 335, 336, 337, 338, 339, 340, 341, 342, 343, 344, 345, 346, 347, 348, 349, 350, 351, 352, 353, 354, 355, 356, 357, 358, 359, 360, 361, 362, 363, 364, 365, 366, 367, 368, 369, 370, 371, 372, 373, 374, 375, 376, 377, 378, 379, 380, 381, 382, 383, 384, 385, 386, 387, 388, 389, 390, 391, 392, 393, 394, 395, 396, 397, 398, 399, 400, 401, 402, 403, 404, 405, 406, 407, 408, 409, 410, 411, 412, 413, 414, 415, 416, 417, 418, 419, 420, 421, 422, 423, 424, 425, 426, 427, 428, 429, 430, 431, 432, 433, 434, 435, 436, 437, 438, 439, 440, 441, 442, 443, 444, 445, 446, 447, 448, 449, 450, 451, 452, 453, 454, 455, 456, 457, 458, 459, 460, 461, 462, 463, 464, 465, 466, 467, 468, 469, 470, 471, 472, 473, 474, 475, 476, 477, 478, 479, 480, 481, 482, 483, 484, 485, 486, 487, 488, 489, 490, 491, 492, 493, 494, 495, 496, 497, 498, 499, 500, 501, 502, 503, 504, 505, 506, 507, 508, 509, 510, 511, 512, 513, 514, 515, 516, 517, 518, 519, 520, 521, 522, 523, 524, 525, 526, 527, 528, 529, 530, 531, 532, 533]...
  ep   1/60 loss=2.6120
  ep  10/60 loss=1.9557
  ep  20/60 loss=1.4800
  ep  30/60 loss=0.9969
  ep  40/60 loss=0.6881
  ep  50/60 loss=0.4893
  ep  60/60 loss=0.2968
  teacher 3/3 on patients [534, 535, 536, 537, 538, 539, 540, 541, 542, 543, 544, 545, 546, 547, 548, 549, 550, 551, 552, 553, 554, 555, 556, 557, 558, 559, 560, 561, 562, 563, 564, 565, 566, 567, 568, 569, 570, 571, 572, 573, 574, 575, 576, 577, 578, 579, 580, 581, 582, 583, 584, 585, 586, 587, 588, 589, 590, 591, 592, 593, 594, 595, 596, 597, 598, 599, 600, 601, 602, 603, 604, 605, 606, 607, 608, 609, 610, 611, 612, 613, 614, 615, 616, 617, 618, 619, 620, 621, 622, 623, 624, 625, 626, 627, 628, 629, 630, 631, 632, 633, 634, 635, 636, 637, 638, 639, 640, 641, 642, 643, 644, 645, 646, 647, 648, 649, 650, 651, 652, 653, 654, 655, 656, 657, 658, 659, 660, 661, 662, 663, 664, 665, 666, 667, 668, 669, 670, 671, 672, 673, 674, 675, 676, 677, 678, 679, 680, 681, 682, 683, 684, 685, 686, 687, 688, 689, 690, 691, 692, 693, 694, 695, 696, 697, 698, 699, 700, 701, 702, 703, 704, 705, 706, 707, 708, 709, 710, 711, 712, 713, 714, 715, 716, 717, 718, 719, 720, 721, 722, 723, 724, 725, 726, 727, 728, 729, 730, 731, 732, 733, 734, 735, 736, 737, 738, 739, 740, 741, 742, 743, 744, 745, 746, 747, 748, 749, 750, 751, 752, 753, 754, 755, 756, 757, 758, 759, 760, 761, 762, 763, 764, 765, 766, 767, 768, 769, 770, 771, 772, 773, 774, 775, 776, 777, 778, 779, 780, 781, 782, 783, 784, 785, 786, 787, 788, 789, 790, 791, 792, 793, 794, 795, 796, 797, 798, 799]...
  ep   1/60 loss=2.5303
  ep  10/60 loss=1.6769
  ep  20/60 loss=1.1692
  ep  30/60 loss=0.7807
  ep  40/60 loss=0.5700
  ep  50/60 loss=0.3452
  ep  60/60 loss=0.1995

[K=3: uniform vs CANAL at eps=2]
    ep   1/40  task=2.5006  feat=226035.0234  val=0.4118  best_so_far=0.4118 (ep 1)
    ep   5/40  task=2.0147  feat=226030.5466  val=0.5022  best_so_far=0.5147 (ep 4)
    ep  10/40  task=1.8378  feat=226018.3839  val=0.5556  best_so_far=0.5591 (ep 9)
    ep  15/40  task=1.7376  feat=225982.9176  val=0.5628  best_so_far=0.5779 (ep 11)
    ep  20/40  task=1.6998  feat=225916.5106  val=0.5692  best_so_far=0.5884 (ep 18)
    ep  25/40  task=1.6751  feat=225839.7466  val=0.5459  best_so_far=0.5902 (ep 23)
    ep  30/40  task=1.6302  feat=225773.8823  val=0.5778  best_so_far=0.5902 (ep 23)
    ep  35/40  task=1.5765  feat=225719.0631  val=0.5855  best_so_far=0.5902 (ep 23)
    ep  40/40  task=1.5422  feat=225674.0836  val=0.5458  best_so_far=0.5902 (ep 23)
    ep   1/40  task=2.5078  feat=226034.9805  val=0.4200  best_so_far=0.4200 (ep 1)
    ep   5/40  task=2.0233  feat=226030.5969  val=0.5421  best_so_far=0.5421 (ep 5)
    ep  10/40  task=1.7272  feat=226017.0004  val=0.5372  best_so_far=0.5726 (ep 9)
    ep  15/40  task=1.6981  feat=225974.8801  val=0.5779  best_so_far=0.5816 (ep 12)
    ep  20/40  task=1.6736  feat=225901.1305  val=0.5200  best_so_far=0.5934 (ep 16)
    ep  25/40  task=1.6260  feat=225818.2890  val=0.5678  best_so_far=0.5934 (ep 16)
    ep  30/40  task=1.6127  feat=225749.1355  val=0.5641  best_so_far=0.5934 (ep 16)
    ep  35/40  task=1.5742  feat=225693.4858  val=0.5830  best_so_far=0.5934 (ep 16)
    ep  40/40  task=1.5537  feat=225649.1174  val=0.5680  best_so_far=0.5934 (ep 16)
    ep   1/40  task=2.4892  feat=226035.0087  val=0.4457  best_so_far=0.4457 (ep 1)
    ep   5/40  task=2.0026  feat=226029.9409  val=0.4690  best_so_far=0.5279 (ep 4)
    ep  10/40  task=1.7738  feat=226012.7185  val=0.5284  best_so_far=0.5769 (ep 9)
    ep  15/40  task=1.7258  feat=225962.2430  val=0.5072  best_so_far=0.5769 (ep 9)
    ep  20/40  task=1.6577  feat=225880.5858  val=0.5234  best_so_far=0.5769 (ep 9)
    ep  25/40  task=1.6517  feat=225798.6708  val=0.5851  best_so_far=0.5851 (ep 25)
    ep  30/40  task=1.6008  feat=225731.1384  val=0.5672  best_so_far=0.5851 (ep 25)
    ep  35/40  task=1.5712  feat=225678.1187  val=0.5419  best_so_far=0.5851 (ep 25)
    ep  40/40  task=1.5085  feat=225634.1462  val=0.5591  best_so_far=0.5851 (ep 25)
    ep   1/40  task=2.4846  feat=226034.9511  val=0.4444  best_so_far=0.4444 (ep 1)
    ep   5/40  task=2.0322  feat=226029.9140  val=0.5368  best_so_far=0.5368 (ep 5)
    ep  10/40  task=1.8086  feat=226013.2117  val=0.4762  best_so_far=0.5550 (ep 9)
    ep  15/40  task=1.7529  feat=225965.9545  val=0.5746  best_so_far=0.5746 (ep 15)
    ep  20/40  task=1.6995  feat=225889.3289  val=0.4720  best_so_far=0.5746 (ep 15)
    ep  25/40  task=1.6701  feat=225811.7223  val=0.4741  best_so_far=0.5746 (ep 15)
    ep  30/40  task=1.6295  feat=225745.7881  val=0.5437  best_so_far=0.5750 (ep 28)
    ep  35/40  task=1.5793  feat=225692.3717  val=0.5041  best_so_far=0.5750 (ep 28)
    ep  40/40  task=1.5506  feat=225649.6471  val=0.5559  best_so_far=0.5750 (ep 28)
    ep   1/40  task=2.7178  feat=226035.0237  val=0.4375  best_so_far=0.4375 (ep 1)
    ep   5/40  task=2.0254  feat=226030.7977  val=0.5080  best_so_far=0.5080 (ep 5)
    ep  10/40  task=1.7806  feat=226016.8693  val=0.5613  best_so_far=0.5684 (ep 7)
    ep  15/40  task=1.6862  feat=225977.4640  val=0.5616  best_so_far=0.5892 (ep 12)
    ep  20/40  task=1.6645  feat=225909.0370  val=0.5833  best_so_far=0.5892 (ep 12)
    ep  25/40  task=1.6206  feat=225835.7411  val=0.5900  best_so_far=0.5949 (ep 22)
    ep  30/40  task=1.5995  feat=225770.9377  val=0.5825  best_so_far=0.5958 (ep 26)
    ep  35/40  task=1.5534  feat=225715.7414  val=0.5896  best_so_far=0.5958 (ep 26)
    ep  40/40  task=1.5287  feat=225674.4963  val=0.5787  best_so_far=0.5958 (ep 26)
   kvasir K=3 canal=False ε=2.0: 0.5879
    ep   1/40  task=2.4726  feat=127577.6223  val=0.4310  best_so_far=0.4310 (ep 1)
    ep   5/40  task=1.9960  feat=127573.7869  val=0.5422  best_so_far=0.5422 (ep 5)
    ep  10/40  task=1.7762  feat=127563.7509  val=0.5654  best_so_far=0.5654 (ep 10)
    ep  15/40  task=1.6860  feat=127535.2823  val=0.5966  best_so_far=0.5966 (ep 15)
    ep  20/40  task=1.6334  feat=127486.3745  val=0.5869  best_so_far=0.5970 (ep 18)
    ep  25/40  task=1.6208  feat=127435.6153  val=0.5595  best_so_far=0.5986 (ep 21)
    ep  30/40  task=1.5924  feat=127391.8948  val=0.5823  best_so_far=0.5986 (ep 21)
    ep  35/40  task=1.5391  feat=127355.2426  val=0.5801  best_so_far=0.5986 (ep 21)
    ep  40/40  task=1.5068  feat=127323.5302  val=0.5666  best_so_far=0.5999 (ep 37)
    ep   1/40  task=2.4643  feat=127577.5860  val=0.4605  best_so_far=0.4605 (ep 1)
    ep   5/40  task=1.9289  feat=127574.0734  val=0.4394  best_so_far=0.5194 (ep 4)
    ep  10/40  task=1.6382  feat=127563.0889  val=0.5198  best_so_far=0.5824 (ep 8)
    ep  15/40  task=1.5776  feat=127531.1107  val=0.6188  best_so_far=0.6188 (ep 15)
    ep  20/40  task=1.5538  feat=127478.4722  val=0.5821  best_so_far=0.6188 (ep 15)
    ep  25/40  task=1.5210  feat=127422.3987  val=0.6026  best_so_far=0.6216 (ep 21)
    ep  30/40  task=1.4948  feat=127374.8198  val=0.6034  best_so_far=0.6216 (ep 21)
    ep  35/40  task=1.4584  feat=127337.0829  val=0.6103  best_so_far=0.6216 (ep 21)
    ep  40/40  task=1.4556  feat=127305.5422  val=0.6075  best_so_far=0.6216 (ep 21)
    ep   1/40  task=2.4952  feat=127577.6020  val=0.4453  best_so_far=0.4453 (ep 1)
    ep   5/40  task=1.9521  feat=127574.0378  val=0.5146  best_so_far=0.5283 (ep 4)
    ep  10/40  task=1.7088  feat=127562.7274  val=0.5791  best_so_far=0.5791 (ep 10)
    ep  15/40  task=1.6166  feat=127530.5253  val=0.5133  best_so_far=0.5973 (ep 11)
    ep  20/40  task=1.5851  feat=127476.7068  val=0.5552  best_so_far=0.6022 (ep 17)
    ep  25/40  task=1.5408  feat=127421.3544  val=0.5949  best_so_far=0.6113 (ep 22)
    ep  30/40  task=1.5153  feat=127372.9186  val=0.5879  best_so_far=0.6124 (ep 27)
    ep  35/40  task=1.4851  feat=127337.4372  val=0.5992  best_so_far=0.6124 (ep 27)
    ep  40/40  task=1.4446  feat=127304.9094  val=0.5850  best_so_far=0.6124 (ep 27)
    ep   1/40  task=2.4580  feat=127577.5371  val=0.4396  best_so_far=0.4396 (ep 1)
    ep   5/40  task=1.8978  feat=127573.6977  val=0.5619  best_so_far=0.5619 (ep 5)
    ep  10/40  task=1.6475  feat=127559.8392  val=0.5596  best_so_far=0.5891 (ep 8)
    ep  15/40  task=1.6191  feat=127520.0727  val=0.5590  best_so_far=0.5938 (ep 11)
    ep  20/40  task=1.5619  feat=127460.5398  val=0.5794  best_so_far=0.5985 (ep 16)
    ep  25/40  task=1.5465  feat=127403.4064  val=0.6076  best_so_far=0.6084 (ep 24)
    ep  30/40  task=1.5275  feat=127357.4341  val=0.5734  best_so_far=0.6084 (ep 24)
    ep  35/40  task=1.4771  feat=127321.2364  val=0.5648  best_so_far=0.6084 (ep 24)
    ep  40/40  task=1.4416  feat=127292.9231  val=0.5768  best_so_far=0.6084 (ep 24)
    ep   1/40  task=2.6889  feat=127577.5473  val=0.4471  best_so_far=0.4471 (ep 1)
    ep   5/40  task=2.0000  feat=127574.8791  val=0.5257  best_so_far=0.5257 (ep 5)
    ep  10/40  task=1.7307  feat=127566.4834  val=0.5778  best_so_far=0.5788 (ep 8)
    ep  15/40  task=1.6281  feat=127541.6441  val=0.5967  best_so_far=0.5967 (ep 15)
    ep  20/40  task=1.5918  feat=127496.2902  val=0.6039  best_so_far=0.6130 (ep 18)
    ep  25/40  task=1.5497  feat=127446.2162  val=0.6057  best_so_far=0.6130 (ep 18)
    ep  30/40  task=1.5373  feat=127401.6134  val=0.5949  best_so_far=0.6130 (ep 18)
    ep  35/40  task=1.4940  feat=127364.5567  val=0.5987  best_so_far=0.6130 (ep 18)
    ep  40/40  task=1.4685  feat=127335.3377  val=0.5904  best_so_far=0.6130 (ep 18)
   kvasir K=3 canal=True ε=2.0: 0.6111

saved /home/ialam/DPKD-medical/phase1_distillation/results/kvasir_canal_k3_eps2_results.json

Summary:
  K=3 ε=2.0: uniform=0.5879  CANAL=0.6111  diff=+0.0232
